
===========================================================================
 report_power
============================================================================
======================= Fastest Corner ===================================

Group                  Internal  Switching    Leakage      Total
                          Power      Power      Power      Power (Watts)
----------------------------------------------------------------
Sequential             1.14e-03   6.01e-06   2.76e-06   1.15e-03  16.9%
Combinational          3.58e-03   2.09e-03   6.92e-07   5.67e-03  83.1%
Macro                  0.00e+00   0.00e+00   0.00e+00   0.00e+00   0.0%
Pad                    0.00e+00   0.00e+00   0.00e+00   0.00e+00   0.0%
----------------------------------------------------------------
Total                  4.72e-03   2.10e-03   3.45e-06   6.82e-03 100.0%
                          69.2%      30.7%       0.1%

======================= Slowest Corner ===================================

Group                  Internal  Switching    Leakage      Total
                          Power      Power      Power      Power (Watts)
----------------------------------------------------------------
Sequential             7.60e-04   3.81e-06   1.10e-05   7.75e-04  16.6%
Combinational          2.42e-03   1.38e-03   8.01e-05   3.89e-03  83.4%
Macro                  0.00e+00   0.00e+00   0.00e+00   0.00e+00   0.0%
Pad                    0.00e+00   0.00e+00   0.00e+00   0.00e+00   0.0%
----------------------------------------------------------------
Total                  3.18e-03   1.39e-03   9.11e-05   4.66e-03 100.0%
                          68.3%      29.8%       2.0%

======================= Typical Corner ===================================

Group                  Internal  Switching    Leakage      Total
                          Power      Power      Power      Power (Watts)
----------------------------------------------------------------
Sequential             9.83e-04   4.96e-06   2.76e-06   9.90e-04  17.1%
Combinational          3.03e-03   1.77e-03   5.52e-07   4.80e-03  82.9%
Macro                  0.00e+00   0.00e+00   0.00e+00   0.00e+00   0.0%
Pad                    0.00e+00   0.00e+00   0.00e+00   0.00e+00   0.0%
----------------------------------------------------------------
Total                  4.01e-03   1.77e-03   3.31e-06   5.79e-03 100.0%
                          69.3%      30.6%       0.1%

