
===========================================================================
report_checks -unconstrained
===========================================================================
======================= Fastest Corner ===================================

Startpoint: wb_rst_i (input port clocked by clk)
Endpoint: o_FF[98] (recovery check against rising-edge clock clk)
Path Group: asynchronous
Path Type: max
Corner: Fastest

Fanout     Cap    Slew   Delay    Time   Description
-----------------------------------------------------------------------------
                          0.00    0.00   clock clk (rise edge)
                          0.00    0.00   clock network delay (propagated)
                          1.00    1.00 ^ input external delay
                  0.00    0.00    1.00 ^ wb_rst_i (in)
     1    0.00                           wb_rst_i (net)
                  0.00    0.00    1.00 ^ hold15149/A (sky130_fd_sc_hd__dlygate4sd3_1)
                  0.04    0.38    1.38 ^ hold15149/X (sky130_fd_sc_hd__dlygate4sd3_1)
     1    0.00                           net16035 (net)
                  0.04    0.00    1.38 ^ hold1365/A (sky130_fd_sc_hd__clkdlybuf4s25_1)
                  0.03    0.17    1.55 ^ hold1365/X (sky130_fd_sc_hd__clkdlybuf4s25_1)
     1    0.00                           net2251 (net)
                  0.03    0.00    1.55 ^ hold15150/A (sky130_fd_sc_hd__dlygate4sd3_1)
                  0.04    0.39    1.94 ^ hold15150/X (sky130_fd_sc_hd__dlygate4sd3_1)
     1    0.00                           net16036 (net)
                  0.04    0.00    1.94 ^ hold1362/A (sky130_fd_sc_hd__clkdlybuf4s25_1)
                  0.04    0.17    2.11 ^ hold1362/X (sky130_fd_sc_hd__clkdlybuf4s25_1)
     1    0.00                           net2248 (net)
                  0.04    0.00    2.11 ^ hold1366/A (sky130_fd_sc_hd__clkdlybuf4s25_1)
                  0.03    0.17    2.28 ^ hold1366/X (sky130_fd_sc_hd__clkdlybuf4s25_1)
     1    0.00                           net2252 (net)
                  0.03    0.00    2.28 ^ input285/A (sky130_fd_sc_hd__clkbuf_1)
                  0.03    0.06    2.33 ^ input285/X (sky130_fd_sc_hd__clkbuf_1)
     1    0.00                           net285 (net)
                  0.03    0.00    2.33 ^ hold1367/A (sky130_fd_sc_hd__dlygate4sd3_1)
                  0.09    0.43    2.77 ^ hold1367/X (sky130_fd_sc_hd__dlygate4sd3_1)
     1    0.01                           net2253 (net)
                  0.09    0.00    2.77 ^ hold1363/A (sky130_fd_sc_hd__buf_12)
                  0.31    0.27    3.03 ^ hold1363/X (sky130_fd_sc_hd__buf_12)
     5    0.38                           net2249 (net)
                  0.31    0.00    3.04 ^ fanout614/A (sky130_fd_sc_hd__buf_12)
                  0.11    0.15    3.18 ^ fanout614/X (sky130_fd_sc_hd__buf_12)
     5    0.12                           net614 (net)
                  0.11    0.00    3.18 ^ load_slew616/A (sky130_fd_sc_hd__buf_12)
                  0.14    0.15    3.33 ^ load_slew616/X (sky130_fd_sc_hd__buf_12)
     1    0.17                           net616 (net)
                  0.20    0.08    3.41 ^ wire615/A (sky130_fd_sc_hd__buf_12)
                  0.15    0.15    3.56 ^ wire615/X (sky130_fd_sc_hd__buf_12)
     2    0.20                           net615 (net)
                  0.29    0.13    3.70 ^ fanout607/A (sky130_fd_sc_hd__buf_12)
                  0.29    0.26    3.95 ^ fanout607/X (sky130_fd_sc_hd__buf_12)
     8    0.35                           net607 (net)
                  0.31    0.06    4.01 ^ fanout606/A (sky130_fd_sc_hd__buf_12)
                  0.23    0.17    4.19 ^ fanout606/X (sky130_fd_sc_hd__buf_12)
     9    0.28                           net606 (net)
                  0.28    0.09    4.28 ^ fanout603/A (sky130_fd_sc_hd__buf_8)
                  0.14    0.15    4.43 ^ fanout603/X (sky130_fd_sc_hd__buf_8)
     7    0.11                           net603 (net)
                  0.14    0.03    4.46 ^ fanout602/A (sky130_fd_sc_hd__buf_6)
                  0.15    0.17    4.63 ^ fanout602/X (sky130_fd_sc_hd__buf_6)
    11    0.10                           net602 (net)
                  0.15    0.02    4.64 ^ fanout601/A (sky130_fd_sc_hd__clkbuf_4)
                  0.15    0.21    4.86 ^ fanout601/X (sky130_fd_sc_hd__clkbuf_4)
     7    0.07                           net601 (net)
                  0.15    0.00    4.86 ^ fanout600/A (sky130_fd_sc_hd__clkbuf_4)
                  0.12    0.19    5.05 ^ fanout600/X (sky130_fd_sc_hd__clkbuf_4)
     6    0.05                           net600 (net)
                  0.12    0.00    5.06 ^ fanout599/A (sky130_fd_sc_hd__buf_4)
                  0.14    0.18    5.23 ^ fanout599/X (sky130_fd_sc_hd__buf_4)
    10    0.06                           net599 (net)
                  0.14    0.00    5.24 ^ o_FF[98]/RESET_B (sky130_fd_sc_hd__dfrtp_1)
                                  5.24   data arrival time

                         25.00   25.00   clock clk (rise edge)
                          0.00   25.00   clock source latency
                  0.10    0.00   25.00 ^ wb_clk_i (in)
     2    0.25                           wb_clk_i (net)
                  0.34    0.11   25.11 ^ clkbuf_0_wb_clk_i/A (sky130_fd_sc_hd__clkbuf_16)
                  0.08    0.16   25.27 ^ clkbuf_0_wb_clk_i/X (sky130_fd_sc_hd__clkbuf_16)
     2    0.08                           clknet_0_wb_clk_i (net)
                  0.08    0.01   25.28 ^ clkbuf_1_0_0_wb_clk_i/A (sky130_fd_sc_hd__clkbuf_8)
                  0.07    0.12   25.40 ^ clkbuf_1_0_0_wb_clk_i/X (sky130_fd_sc_hd__clkbuf_8)
     1    0.05                           clknet_1_0_0_wb_clk_i (net)
                  0.08    0.01   25.41 ^ clkbuf_1_0_1_wb_clk_i/A (sky130_fd_sc_hd__clkbuf_8)
                  0.12    0.15   25.55 ^ clkbuf_1_0_1_wb_clk_i/X (sky130_fd_sc_hd__clkbuf_8)
     4    0.08                           clknet_1_0_1_wb_clk_i (net)
                  0.12    0.01   25.56 ^ clkbuf_2_1_0_wb_clk_i/A (sky130_fd_sc_hd__clkbuf_8)
                  0.09    0.13   25.69 ^ clkbuf_2_1_0_wb_clk_i/X (sky130_fd_sc_hd__clkbuf_8)
     2    0.06                           clknet_2_1_0_wb_clk_i (net)
                  0.09    0.01   25.71 ^ clkbuf_2_1_1_wb_clk_i/A (sky130_fd_sc_hd__clkbuf_8)
                  0.11    0.14   25.85 ^ clkbuf_2_1_1_wb_clk_i/X (sky130_fd_sc_hd__clkbuf_8)
     2    0.07                           clknet_2_1_1_wb_clk_i (net)
                  0.11    0.01   25.86 ^ clkbuf_3_2_0_wb_clk_i/A (sky130_fd_sc_hd__clkbuf_8)
                  0.09    0.14   26.00 ^ clkbuf_3_2_0_wb_clk_i/X (sky130_fd_sc_hd__clkbuf_8)
     3    0.07                           clknet_3_2_0_wb_clk_i (net)
                  0.10    0.01   26.00 ^ clkbuf_4_5_0_wb_clk_i/A (sky130_fd_sc_hd__clkbuf_8)
                  0.40    0.27   26.27 ^ clkbuf_4_5_0_wb_clk_i/X (sky130_fd_sc_hd__clkbuf_8)
    15    0.31                           clknet_4_5_0_wb_clk_i (net)
                  0.44    0.10   26.37 ^ clkbuf_leaf_138_wb_clk_i/A (sky130_fd_sc_hd__clkbuf_16)
                  0.04    0.12   26.49 ^ clkbuf_leaf_138_wb_clk_i/X (sky130_fd_sc_hd__clkbuf_16)
     4    0.01                           clknet_leaf_138_wb_clk_i (net)
                  0.04    0.00   26.49 ^ o_FF[98]/CLK (sky130_fd_sc_hd__dfrtp_1)
                         -0.10   26.39   clock uncertainty
                          0.00   26.39   clock reconvergence pessimism
                          0.13   26.52   library recovery time
                                 26.52   data required time
-----------------------------------------------------------------------------
                                 26.52   data required time
                                 -5.24   data arrival time
-----------------------------------------------------------------------------
                                 21.28   slack (MET)


Startpoint: la_data_in[38] (input port clocked by clk)
Endpoint: i_FF[230] (rising edge-triggered flip-flop clocked by clk)
Path Group: clk
Path Type: max
Corner: Fastest

Fanout     Cap    Slew   Delay    Time   Description
-----------------------------------------------------------------------------
                          0.00    0.00   clock clk (rise edge)
                          0.00    0.00   clock network delay (propagated)
                          1.00    1.00 ^ input external delay
                  0.00    0.00    1.00 ^ la_data_in[38] (in)
     2    0.02                           la_data_in[38] (net)
                  0.00    0.00    1.00 ^ hold12552/A (sky130_fd_sc_hd__dlygate4sd3_1)
                  0.11    0.44    1.44 ^ hold12552/X (sky130_fd_sc_hd__dlygate4sd3_1)
     1    0.01                           net13438 (net)
                  0.11    0.00    1.44 ^ hold9378/A (sky130_fd_sc_hd__clkdlybuf4s25_1)
                  0.10    0.24    1.68 ^ hold9378/X (sky130_fd_sc_hd__clkdlybuf4s25_1)
     1    0.01                           net10264 (net)
                  0.10    0.00    1.68 ^ hold12553/A (sky130_fd_sc_hd__dlygate4sd3_1)
                  0.11    0.46    2.14 ^ hold12553/X (sky130_fd_sc_hd__dlygate4sd3_1)
     1    0.01                           net13439 (net)
                  0.11    0.00    2.14 ^ hold6242/A (sky130_fd_sc_hd__clkdlybuf4s25_1)
                  0.04    0.19    2.33 ^ hold6242/X (sky130_fd_sc_hd__clkdlybuf4s25_1)
     1    0.00                           net7128 (net)
                  0.04    0.00    2.33 ^ hold12554/A (sky130_fd_sc_hd__dlygate4sd3_1)
                  0.06    0.41    2.74 ^ hold12554/X (sky130_fd_sc_hd__dlygate4sd3_1)
     1    0.01                           net13440 (net)
                  0.06    0.00    2.74 ^ hold9379/A (sky130_fd_sc_hd__clkdlybuf4s25_1)
                  0.07    0.20    2.94 ^ hold9379/X (sky130_fd_sc_hd__clkdlybuf4s25_1)
     1    0.01                           net10265 (net)
                  0.07    0.00    2.94 ^ hold12555/A (sky130_fd_sc_hd__dlygate4sd3_1)
                  0.07    0.42    3.37 ^ hold12555/X (sky130_fd_sc_hd__dlygate4sd3_1)
     1    0.01                           net13441 (net)
                  0.07    0.00    3.37 ^ hold2436/A (sky130_fd_sc_hd__clkdlybuf4s25_1)
                  0.05    0.19    3.56 ^ hold2436/X (sky130_fd_sc_hd__clkdlybuf4s25_1)
     1    0.01                           net3322 (net)
                  0.05    0.00    3.56 ^ hold12556/A (sky130_fd_sc_hd__dlygate4sd3_1)
                  0.08    0.43    3.99 ^ hold12556/X (sky130_fd_sc_hd__dlygate4sd3_1)
     1    0.01                           net13442 (net)
                  0.08    0.00    3.99 ^ hold9380/A (sky130_fd_sc_hd__clkdlybuf4s25_1)
                  0.04    0.18    4.17 ^ hold9380/X (sky130_fd_sc_hd__clkdlybuf4s25_1)
     1    0.00                           net10266 (net)
                  0.04    0.00    4.17 ^ hold12557/A (sky130_fd_sc_hd__dlygate4sd3_1)
                  0.06    0.41    4.58 ^ hold12557/X (sky130_fd_sc_hd__dlygate4sd3_1)
     1    0.01                           net13443 (net)
                  0.06    0.00    4.58 ^ hold6243/A (sky130_fd_sc_hd__clkdlybuf4s25_1)
                  0.07    0.21    4.79 ^ hold6243/X (sky130_fd_sc_hd__clkdlybuf4s25_1)
     1    0.01                           net7129 (net)
                  0.07    0.00    4.79 ^ hold12558/A (sky130_fd_sc_hd__dlygate4sd3_1)
                  0.09    0.44    5.23 ^ hold12558/X (sky130_fd_sc_hd__dlygate4sd3_1)
     1    0.01                           net13444 (net)
                  0.09    0.00    5.23 ^ hold9381/A (sky130_fd_sc_hd__clkdlybuf4s25_1)
                  0.05    0.19    5.43 ^ hold9381/X (sky130_fd_sc_hd__clkdlybuf4s25_1)
     1    0.01                           net10267 (net)
                  0.05    0.00    5.43 ^ hold12559/A (sky130_fd_sc_hd__dlygate4sd3_1)
                  0.04    0.40    5.83 ^ hold12559/X (sky130_fd_sc_hd__dlygate4sd3_1)
     1    0.00                           net13445 (net)
                  0.04    0.00    5.83 ^ hold533/A (sky130_fd_sc_hd__clkdlybuf4s25_1)
                  0.05    0.18    6.01 ^ hold533/X (sky130_fd_sc_hd__clkdlybuf4s25_1)
     1    0.01                           net1419 (net)
                  0.05    0.00    6.01 ^ hold12560/A (sky130_fd_sc_hd__dlygate4sd3_1)
                  0.04    0.40    6.41 ^ hold12560/X (sky130_fd_sc_hd__dlygate4sd3_1)
     1    0.00                           net13446 (net)
                  0.04    0.00    6.41 ^ hold9382/A (sky130_fd_sc_hd__clkdlybuf4s50_1)
                  0.05    0.35    6.75 ^ hold9382/X (sky130_fd_sc_hd__clkdlybuf4s50_1)
     1    0.01                           net10268 (net)
                  0.05    0.00    6.75 ^ hold12561/A (sky130_fd_sc_hd__dlygate4sd3_1)
                  0.09    0.44    7.19 ^ hold12561/X (sky130_fd_sc_hd__dlygate4sd3_1)
     1    0.01                           net13447 (net)
                  0.09    0.00    7.19 ^ hold6244/A (sky130_fd_sc_hd__clkdlybuf4s25_1)
                  0.12    0.25    7.44 ^ hold6244/X (sky130_fd_sc_hd__clkdlybuf4s25_1)
     1    0.02                           net7130 (net)
                  0.12    0.00    7.44 ^ hold9383/A (sky130_fd_sc_hd__clkdlybuf4s25_1)
                  0.11    0.25    7.69 ^ hold9383/X (sky130_fd_sc_hd__clkdlybuf4s25_1)
     1    0.01                           net10269 (net)
                  0.11    0.00    7.69 ^ hold2437/A (sky130_fd_sc_hd__clkdlybuf4s25_1)
                  0.15    0.27    7.96 ^ hold2437/X (sky130_fd_sc_hd__clkdlybuf4s25_1)
     1    0.02                           net3323 (net)
                  0.15    0.00    7.96 ^ hold9384/A (sky130_fd_sc_hd__clkdlybuf4s25_1)
                  0.04    0.19    8.15 ^ hold9384/X (sky130_fd_sc_hd__clkdlybuf4s25_1)
     1    0.00                           net10270 (net)
                  0.04    0.00    8.15 ^ hold6245/A (sky130_fd_sc_hd__clkdlybuf4s25_1)
                  0.04    0.18    8.33 ^ hold6245/X (sky130_fd_sc_hd__clkdlybuf4s25_1)
     1    0.00                           net7131 (net)
                  0.04    0.00    8.33 ^ input87/A (sky130_fd_sc_hd__clkbuf_1)
                  0.14    0.14    8.47 ^ input87/X (sky130_fd_sc_hd__clkbuf_1)
     1    0.02                           net87 (net)
                  0.14    0.00    8.47 ^ hold6246/A (sky130_fd_sc_hd__clkdlybuf4s25_1)
                  0.12    0.26    8.72 ^ hold6246/X (sky130_fd_sc_hd__clkdlybuf4s25_1)
     1    0.02                           net7132 (net)
                  0.12    0.00    8.72 ^ hold2438/A (sky130_fd_sc_hd__clkdlybuf4s25_1)
                  0.04    0.19    8.92 ^ hold2438/X (sky130_fd_sc_hd__clkdlybuf4s25_1)
     1    0.00                           net3324 (net)
                  0.04    0.00    8.92 ^ hold6247/A (sky130_fd_sc_hd__clkdlybuf4s25_1)
                  0.07    0.20    9.12 ^ hold6247/X (sky130_fd_sc_hd__clkdlybuf4s25_1)
     1    0.01                           net7133 (net)
                  0.07    0.00    9.12 ^ hold534/A (sky130_fd_sc_hd__clkdlybuf4s25_1)
                  0.08    0.21    9.33 ^ hold534/X (sky130_fd_sc_hd__clkdlybuf4s25_1)
     1    0.01                           net1420 (net)
                  0.08    0.00    9.33 ^ hold6248/A (sky130_fd_sc_hd__clkdlybuf4s25_1)
                  0.08    0.21    9.54 ^ hold6248/X (sky130_fd_sc_hd__clkdlybuf4s25_1)
     1    0.01                           net7134 (net)
                  0.08    0.00    9.54 ^ hold2439/A (sky130_fd_sc_hd__clkdlybuf4s25_1)
                  0.06    0.20    9.74 ^ hold2439/X (sky130_fd_sc_hd__clkdlybuf4s25_1)
     1    0.01                           net3325 (net)
                  0.06    0.00    9.74 ^ hold6249/A (sky130_fd_sc_hd__clkdlybuf4s25_1)
                  0.06    0.20    9.93 ^ hold6249/X (sky130_fd_sc_hd__clkdlybuf4s25_1)
     1    0.01                           net7135 (net)
                  0.06    0.00    9.93 ^ i_FF[230]/D (sky130_fd_sc_hd__dfrtp_1)
                                  9.93   data arrival time

                         25.00   25.00   clock clk (rise edge)
                          0.00   25.00   clock source latency
                  0.10    0.00   25.00 ^ wb_clk_i (in)
     2    0.25                           wb_clk_i (net)
                  0.34    0.11   25.11 ^ clkbuf_0_wb_clk_i/A (sky130_fd_sc_hd__clkbuf_16)
                  0.08    0.16   25.27 ^ clkbuf_0_wb_clk_i/X (sky130_fd_sc_hd__clkbuf_16)
     2    0.08                           clknet_0_wb_clk_i (net)
                  0.08    0.01   25.28 ^ clkbuf_1_1_0_wb_clk_i/A (sky130_fd_sc_hd__clkbuf_8)
                  0.07    0.12   25.40 ^ clkbuf_1_1_0_wb_clk_i/X (sky130_fd_sc_hd__clkbuf_8)
     1    0.05                           clknet_1_1_0_wb_clk_i (net)
                  0.08    0.01   25.41 ^ clkbuf_1_1_1_wb_clk_i/A (sky130_fd_sc_hd__clkbuf_8)
                  0.10    0.14   25.54 ^ clkbuf_1_1_1_wb_clk_i/X (sky130_fd_sc_hd__clkbuf_8)
     4    0.07                           clknet_1_1_1_wb_clk_i (net)
                  0.10    0.01   25.55 ^ clkbuf_2_3_0_wb_clk_i/A (sky130_fd_sc_hd__clkbuf_8)
                  0.09    0.13   25.68 ^ clkbuf_2_3_0_wb_clk_i/X (sky130_fd_sc_hd__clkbuf_8)
     2    0.06                           clknet_2_3_0_wb_clk_i (net)
                  0.09    0.01   25.69 ^ clkbuf_2_3_1_wb_clk_i/A (sky130_fd_sc_hd__clkbuf_8)
                  0.10    0.14   25.83 ^ clkbuf_2_3_1_wb_clk_i/X (sky130_fd_sc_hd__clkbuf_8)
     2    0.07                           clknet_2_3_1_wb_clk_i (net)
                  0.11    0.01   25.84 ^ clkbuf_3_7_0_wb_clk_i/A (sky130_fd_sc_hd__clkbuf_8)
                  0.10    0.14   25.98 ^ clkbuf_3_7_0_wb_clk_i/X (sky130_fd_sc_hd__clkbuf_8)
     3    0.07                           clknet_3_7_0_wb_clk_i (net)
                  0.10    0.01   25.99 ^ clkbuf_4_14_0_wb_clk_i/A (sky130_fd_sc_hd__clkbuf_8)
                  0.31    0.24   26.23 ^ clkbuf_4_14_0_wb_clk_i/X (sky130_fd_sc_hd__clkbuf_8)
    12    0.24                           clknet_4_14_0_wb_clk_i (net)
                  0.34    0.06   26.30 ^ clkbuf_leaf_65_wb_clk_i/A (sky130_fd_sc_hd__clkbuf_16)
                  0.03    0.12   26.42 ^ clkbuf_leaf_65_wb_clk_i/X (sky130_fd_sc_hd__clkbuf_16)
     3    0.01                           clknet_leaf_65_wb_clk_i (net)
                  0.03    0.00   26.42 ^ i_FF[230]/CLK (sky130_fd_sc_hd__dfrtp_1)
                         -0.10   26.32   clock uncertainty
                          0.00   26.32   clock reconvergence pessimism
                         -0.04   26.28   library setup time
                                 26.28   data required time
-----------------------------------------------------------------------------
                                 26.28   data required time
                                 -9.93   data arrival time
-----------------------------------------------------------------------------
                                 16.35   slack (MET)



======================= Slowest Corner ===================================

Startpoint: wb_rst_i (input port clocked by clk)
Endpoint: i_FF[253] (recovery check against rising-edge clock clk)
Path Group: asynchronous
Path Type: max
Corner: Slowest

Fanout     Cap    Slew   Delay    Time   Description
-----------------------------------------------------------------------------
                          0.00    0.00   clock clk (rise edge)
                          0.00    0.00   clock network delay (propagated)
                          1.00    1.00 ^ input external delay
                  0.00    0.00    1.00 ^ wb_rst_i (in)
     1    0.00                           wb_rst_i (net)
                  0.00    0.00    1.00 ^ hold15149/A (sky130_fd_sc_hd__dlygate4sd3_1)
                  0.10    1.06    2.06 ^ hold15149/X (sky130_fd_sc_hd__dlygate4sd3_1)
     1    0.00                           net16035 (net)
                  0.10    0.00    2.06 ^ hold1365/A (sky130_fd_sc_hd__clkdlybuf4s25_1)
                  0.07    0.49    2.55 ^ hold1365/X (sky130_fd_sc_hd__clkdlybuf4s25_1)
     1    0.00                           net2251 (net)
                  0.07    0.00    2.55 ^ hold15150/A (sky130_fd_sc_hd__dlygate4sd3_1)
                  0.09    1.08    3.63 ^ hold15150/X (sky130_fd_sc_hd__dlygate4sd3_1)
     1    0.00                           net16036 (net)
                  0.09    0.00    3.63 ^ hold1362/A (sky130_fd_sc_hd__clkdlybuf4s25_1)
                  0.08    0.50    4.14 ^ hold1362/X (sky130_fd_sc_hd__clkdlybuf4s25_1)
     1    0.00                           net2248 (net)
                  0.08    0.00    4.14 ^ hold1366/A (sky130_fd_sc_hd__clkdlybuf4s25_1)
                  0.08    0.49    4.62 ^ hold1366/X (sky130_fd_sc_hd__clkdlybuf4s25_1)
     1    0.00                           net2252 (net)
                  0.08    0.00    4.63 ^ input285/A (sky130_fd_sc_hd__clkbuf_1)
                  0.07    0.16    4.79 ^ input285/X (sky130_fd_sc_hd__clkbuf_1)
     1    0.00                           net285 (net)
                  0.07    0.00    4.79 ^ hold1367/A (sky130_fd_sc_hd__dlygate4sd3_1)
                  0.19    1.19    5.98 ^ hold1367/X (sky130_fd_sc_hd__dlygate4sd3_1)
     1    0.01                           net2253 (net)
                  0.19    0.00    5.98 ^ hold1363/A (sky130_fd_sc_hd__buf_12)
                  0.65    0.66    6.64 ^ hold1363/X (sky130_fd_sc_hd__buf_12)
     5    0.38                           net2249 (net)
                  0.65    0.00    6.64 ^ fanout614/A (sky130_fd_sc_hd__buf_12)
                  0.23    0.53    7.18 ^ fanout614/X (sky130_fd_sc_hd__buf_12)
     5    0.12                           net614 (net)
                  0.23    0.00    7.18 ^ load_slew616/A (sky130_fd_sc_hd__buf_12)
                  0.31    0.43    7.60 ^ load_slew616/X (sky130_fd_sc_hd__buf_12)
     1    0.17                           net616 (net)
                  0.35    0.08    7.69 ^ wire615/A (sky130_fd_sc_hd__buf_12)
                  0.36    0.48    8.16 ^ wire615/X (sky130_fd_sc_hd__buf_12)
     2    0.20                           net615 (net)
                  0.44    0.14    8.30 ^ fanout607/A (sky130_fd_sc_hd__buf_12)
                  0.60    0.72    9.02 ^ fanout607/X (sky130_fd_sc_hd__buf_12)
     8    0.35                           net607 (net)
                  0.61    0.06    9.08 ^ fanout606/A (sky130_fd_sc_hd__buf_12)
                  0.49    0.65    9.74 ^ fanout606/X (sky130_fd_sc_hd__buf_12)
     9    0.27                           net606 (net)
                  0.51    0.09    9.83 ^ fanout603/A (sky130_fd_sc_hd__buf_8)
                  0.27    0.51   10.34 ^ fanout603/X (sky130_fd_sc_hd__buf_8)
     7    0.11                           net603 (net)
                  0.28    0.03   10.36 ^ fanout602/A (sky130_fd_sc_hd__buf_6)
                  0.30    0.46   10.82 ^ fanout602/X (sky130_fd_sc_hd__buf_6)
    11    0.09                           net602 (net)
                  0.30    0.02   10.84 ^ fanout601/A (sky130_fd_sc_hd__clkbuf_4)
                  0.31    0.56   11.39 ^ fanout601/X (sky130_fd_sc_hd__clkbuf_4)
     7    0.06                           net601 (net)
                  0.31    0.00   11.40 ^ fanout600/A (sky130_fd_sc_hd__clkbuf_4)
                  0.25    0.51   11.91 ^ fanout600/X (sky130_fd_sc_hd__clkbuf_4)
     6    0.05                           net600 (net)
                  0.25    0.00   11.91 ^ fanout599/A (sky130_fd_sc_hd__buf_4)
                  0.27    0.46   12.38 ^ fanout599/X (sky130_fd_sc_hd__buf_4)
    10    0.06                           net599 (net)
                  0.27    0.00   12.38 ^ i_FF[253]/RESET_B (sky130_fd_sc_hd__dfrtp_1)
                                 12.38   data arrival time

                         25.00   25.00   clock clk (rise edge)
                          0.00   25.00   clock source latency
                  0.10    0.00   25.00 ^ wb_clk_i (in)
     2    0.25                           wb_clk_i (net)
                  0.34    0.11   25.11 ^ clkbuf_0_wb_clk_i/A (sky130_fd_sc_hd__clkbuf_16)
                  0.15    0.39   25.50 ^ clkbuf_0_wb_clk_i/X (sky130_fd_sc_hd__clkbuf_16)
     2    0.08                           clknet_0_wb_clk_i (net)
                  0.15    0.01   25.51 ^ clkbuf_1_0_0_wb_clk_i/A (sky130_fd_sc_hd__clkbuf_8)
                  0.16    0.31   25.82 ^ clkbuf_1_0_0_wb_clk_i/X (sky130_fd_sc_hd__clkbuf_8)
     1    0.05                           clknet_1_0_0_wb_clk_i (net)
                  0.16    0.01   25.83 ^ clkbuf_1_0_1_wb_clk_i/A (sky130_fd_sc_hd__clkbuf_8)
                  0.24    0.38   26.21 ^ clkbuf_1_0_1_wb_clk_i/X (sky130_fd_sc_hd__clkbuf_8)
     4    0.08                           clknet_1_0_1_wb_clk_i (net)
                  0.24    0.01   26.21 ^ clkbuf_2_1_0_wb_clk_i/A (sky130_fd_sc_hd__clkbuf_8)
                  0.18    0.37   26.58 ^ clkbuf_2_1_0_wb_clk_i/X (sky130_fd_sc_hd__clkbuf_8)
     2    0.06                           clknet_2_1_0_wb_clk_i (net)
                  0.18    0.01   26.59 ^ clkbuf_2_1_1_wb_clk_i/A (sky130_fd_sc_hd__clkbuf_8)
                  0.22    0.37   26.96 ^ clkbuf_2_1_1_wb_clk_i/X (sky130_fd_sc_hd__clkbuf_8)
     2    0.07                           clknet_2_1_1_wb_clk_i (net)
                  0.22    0.01   26.97 ^ clkbuf_3_2_0_wb_clk_i/A (sky130_fd_sc_hd__clkbuf_8)
                  0.20    0.37   27.34 ^ clkbuf_3_2_0_wb_clk_i/X (sky130_fd_sc_hd__clkbuf_8)
     3    0.07                           clknet_3_2_0_wb_clk_i (net)
                  0.20    0.01   27.35 ^ clkbuf_4_5_0_wb_clk_i/A (sky130_fd_sc_hd__clkbuf_8)
                  0.80    0.70   28.05 ^ clkbuf_4_5_0_wb_clk_i/X (sky130_fd_sc_hd__clkbuf_8)
    15    0.30                           clknet_4_5_0_wb_clk_i (net)
                  0.82    0.10   28.15 ^ clkbuf_leaf_139_wb_clk_i/A (sky130_fd_sc_hd__clkbuf_16)
                  0.07    0.47   28.62 ^ clkbuf_leaf_139_wb_clk_i/X (sky130_fd_sc_hd__clkbuf_16)
     3    0.01                           clknet_leaf_139_wb_clk_i (net)
                  0.07    0.00   28.62 ^ i_FF[253]/CLK (sky130_fd_sc_hd__dfrtp_1)
                         -0.10   28.52   clock uncertainty
                          0.00   28.52   clock reconvergence pessimism
                          0.39   28.91   library recovery time
                                 28.91   data required time
-----------------------------------------------------------------------------
                                 28.91   data required time
                                -12.38   data arrival time
-----------------------------------------------------------------------------
                                 16.53   slack (MET)


Startpoint: la_data_in[38] (input port clocked by clk)
Endpoint: i_FF[230] (rising edge-triggered flip-flop clocked by clk)
Path Group: clk
Path Type: max
Corner: Slowest

Fanout     Cap    Slew   Delay    Time   Description
-----------------------------------------------------------------------------
                          0.00    0.00   clock clk (rise edge)
                          0.00    0.00   clock network delay (propagated)
                          1.00    1.00 v input external delay
                  0.00    0.00    1.00 v la_data_in[38] (in)
     2    0.02                           la_data_in[38] (net)
                  0.00    0.00    1.00 v hold12552/A (sky130_fd_sc_hd__dlygate4sd3_1)
                  0.20    1.28    2.28 v hold12552/X (sky130_fd_sc_hd__dlygate4sd3_1)
     1    0.01                           net13438 (net)
                  0.20    0.00    2.28 v hold9378/A (sky130_fd_sc_hd__clkdlybuf4s25_1)
                  0.19    0.65    2.93 v hold9378/X (sky130_fd_sc_hd__clkdlybuf4s25_1)
     1    0.01                           net10264 (net)
                  0.19    0.00    2.93 v hold12553/A (sky130_fd_sc_hd__dlygate4sd3_1)
                  0.20    1.37    4.30 v hold12553/X (sky130_fd_sc_hd__dlygate4sd3_1)
     1    0.01                           net13439 (net)
                  0.20    0.00    4.30 v hold6242/A (sky130_fd_sc_hd__clkdlybuf4s25_1)
                  0.08    0.55    4.85 v hold6242/X (sky130_fd_sc_hd__clkdlybuf4s25_1)
     1    0.00                           net7128 (net)
                  0.08    0.00    4.85 v hold12554/A (sky130_fd_sc_hd__dlygate4sd3_1)
                  0.14    1.23    6.08 v hold12554/X (sky130_fd_sc_hd__dlygate4sd3_1)
     1    0.01                           net13440 (net)
                  0.14    0.00    6.08 v hold9379/A (sky130_fd_sc_hd__clkdlybuf4s25_1)
                  0.13    0.56    6.65 v hold9379/X (sky130_fd_sc_hd__clkdlybuf4s25_1)
     1    0.01                           net10265 (net)
                  0.13    0.00    6.65 v hold12555/A (sky130_fd_sc_hd__dlygate4sd3_1)
                  0.15    1.27    7.91 v hold12555/X (sky130_fd_sc_hd__dlygate4sd3_1)
     1    0.01                           net13441 (net)
                  0.15    0.00    7.91 v hold2436/A (sky130_fd_sc_hd__clkdlybuf4s25_1)
                  0.10    0.55    8.46 v hold2436/X (sky130_fd_sc_hd__clkdlybuf4s25_1)
     1    0.01                           net3322 (net)
                  0.10    0.00    8.46 v hold12556/A (sky130_fd_sc_hd__dlygate4sd3_1)
                  0.17    1.28    9.74 v hold12556/X (sky130_fd_sc_hd__dlygate4sd3_1)
     1    0.01                           net13442 (net)
                  0.17    0.00    9.74 v hold9380/A (sky130_fd_sc_hd__clkdlybuf4s25_1)
                  0.08    0.53   10.27 v hold9380/X (sky130_fd_sc_hd__clkdlybuf4s25_1)
     1    0.00                           net10266 (net)
                  0.08    0.00   10.27 v hold12557/A (sky130_fd_sc_hd__dlygate4sd3_1)
                  0.14    1.23   11.51 v hold12557/X (sky130_fd_sc_hd__dlygate4sd3_1)
     1    0.01                           net13443 (net)
                  0.14    0.00   11.51 v hold6243/A (sky130_fd_sc_hd__clkdlybuf4s25_1)
                  0.14    0.58   12.08 v hold6243/X (sky130_fd_sc_hd__clkdlybuf4s25_1)
     1    0.01                           net7129 (net)
                  0.14    0.00   12.08 v hold12558/A (sky130_fd_sc_hd__dlygate4sd3_1)
                  0.18    1.32   13.40 v hold12558/X (sky130_fd_sc_hd__dlygate4sd3_1)
     1    0.01                           net13444 (net)
                  0.18    0.00   13.40 v hold9381/A (sky130_fd_sc_hd__clkdlybuf4s25_1)
                  0.10    0.56   13.96 v hold9381/X (sky130_fd_sc_hd__clkdlybuf4s25_1)
     1    0.01                           net10267 (net)
                  0.10    0.00   13.96 v hold12559/A (sky130_fd_sc_hd__dlygate4sd3_1)
                  0.12    1.20   15.16 v hold12559/X (sky130_fd_sc_hd__dlygate4sd3_1)
     1    0.00                           net13445 (net)
                  0.12    0.00   15.16 v hold533/A (sky130_fd_sc_hd__clkdlybuf4s25_1)
                  0.10    0.52   15.69 v hold533/X (sky130_fd_sc_hd__clkdlybuf4s25_1)
     1    0.00                           net1419 (net)
                  0.10    0.00   15.69 v hold12560/A (sky130_fd_sc_hd__dlygate4sd3_1)
                  0.11    1.20   16.89 v hold12560/X (sky130_fd_sc_hd__dlygate4sd3_1)
     1    0.00                           net13446 (net)
                  0.11    0.00   16.89 v hold9382/A (sky130_fd_sc_hd__clkdlybuf4s50_1)
                  0.12    0.80   17.68 v hold9382/X (sky130_fd_sc_hd__clkdlybuf4s50_1)
     1    0.01                           net10268 (net)
                  0.12    0.00   17.68 v hold12561/A (sky130_fd_sc_hd__dlygate4sd3_1)
                  0.18    1.30   18.99 v hold12561/X (sky130_fd_sc_hd__dlygate4sd3_1)
     1    0.01                           net13447 (net)
                  0.18    0.00   18.99 v hold6244/A (sky130_fd_sc_hd__clkdlybuf4s25_1)
                  0.22    0.67   19.66 v hold6244/X (sky130_fd_sc_hd__clkdlybuf4s25_1)
     1    0.02                           net7130 (net)
                  0.22    0.00   19.66 v hold9383/A (sky130_fd_sc_hd__clkdlybuf4s25_1)
                  0.20    0.67   20.33 v hold9383/X (sky130_fd_sc_hd__clkdlybuf4s25_1)
     1    0.01                           net10269 (net)
                  0.20    0.00   20.33 v hold2437/A (sky130_fd_sc_hd__clkdlybuf4s25_1)
                  0.26    0.71   21.04 v hold2437/X (sky130_fd_sc_hd__clkdlybuf4s25_1)
     1    0.02                           net3323 (net)
                  0.26    0.00   21.05 v hold9384/A (sky130_fd_sc_hd__clkdlybuf4s25_1)
                  0.08    0.58   21.62 v hold9384/X (sky130_fd_sc_hd__clkdlybuf4s25_1)
     1    0.00                           net10270 (net)
                  0.08    0.00   21.62 v hold6245/A (sky130_fd_sc_hd__clkdlybuf4s25_1)
                  0.09    0.50   22.12 v hold6245/X (sky130_fd_sc_hd__clkdlybuf4s25_1)
     1    0.00                           net7131 (net)
                  0.09    0.00   22.12 v input87/A (sky130_fd_sc_hd__clkbuf_1)
                  0.18    0.29   22.41 v input87/X (sky130_fd_sc_hd__clkbuf_1)
     1    0.02                           net87 (net)
                  0.18    0.00   22.41 v hold6246/A (sky130_fd_sc_hd__clkdlybuf4s25_1)
                  0.22    0.67   23.08 v hold6246/X (sky130_fd_sc_hd__clkdlybuf4s25_1)
     1    0.02                           net7132 (net)
                  0.22    0.00   23.08 v hold2438/A (sky130_fd_sc_hd__clkdlybuf4s25_1)
                  0.09    0.56   23.64 v hold2438/X (sky130_fd_sc_hd__clkdlybuf4s25_1)
     1    0.00                           net3324 (net)
                  0.09    0.00   23.64 v hold6247/A (sky130_fd_sc_hd__clkdlybuf4s25_1)
                  0.14    0.55   24.19 v hold6247/X (sky130_fd_sc_hd__clkdlybuf4s25_1)
     1    0.01                           net7133 (net)
                  0.14    0.00   24.19 v hold534/A (sky130_fd_sc_hd__clkdlybuf4s25_1)
                  0.15    0.58   24.78 v hold534/X (sky130_fd_sc_hd__clkdlybuf4s25_1)
     1    0.01                           net1420 (net)
                  0.15    0.00   24.78 v hold6248/A (sky130_fd_sc_hd__clkdlybuf4s25_1)
                  0.15    0.59   25.36 v hold6248/X (sky130_fd_sc_hd__clkdlybuf4s25_1)
     1    0.01                           net7134 (net)
                  0.15    0.00   25.36 v hold2439/A (sky130_fd_sc_hd__clkdlybuf4s25_1)
                  0.11    0.55   25.92 v hold2439/X (sky130_fd_sc_hd__clkdlybuf4s25_1)
     1    0.01                           net3325 (net)
                  0.11    0.00   25.92 v hold6249/A (sky130_fd_sc_hd__clkdlybuf4s25_1)
                  0.13    0.55   26.47 v hold6249/X (sky130_fd_sc_hd__clkdlybuf4s25_1)
     1    0.01                           net7135 (net)
                  0.13    0.00   26.47 v i_FF[230]/D (sky130_fd_sc_hd__dfrtp_1)
                                 26.47   data arrival time

                         25.00   25.00   clock clk (rise edge)
                          0.00   25.00   clock source latency
                  0.10    0.00   25.00 ^ wb_clk_i (in)
     2    0.25                           wb_clk_i (net)
                  0.34    0.11   25.11 ^ clkbuf_0_wb_clk_i/A (sky130_fd_sc_hd__clkbuf_16)
                  0.15    0.39   25.50 ^ clkbuf_0_wb_clk_i/X (sky130_fd_sc_hd__clkbuf_16)
     2    0.08                           clknet_0_wb_clk_i (net)
                  0.15    0.01   25.51 ^ clkbuf_1_1_0_wb_clk_i/A (sky130_fd_sc_hd__clkbuf_8)
                  0.15    0.31   25.82 ^ clkbuf_1_1_0_wb_clk_i/X (sky130_fd_sc_hd__clkbuf_8)
     1    0.05                           clknet_1_1_0_wb_clk_i (net)
                  0.15    0.01   25.83 ^ clkbuf_1_1_1_wb_clk_i/A (sky130_fd_sc_hd__clkbuf_8)
                  0.20    0.35   26.18 ^ clkbuf_1_1_1_wb_clk_i/X (sky130_fd_sc_hd__clkbuf_8)
     4    0.07                           clknet_1_1_1_wb_clk_i (net)
                  0.20    0.01   26.19 ^ clkbuf_2_3_0_wb_clk_i/A (sky130_fd_sc_hd__clkbuf_8)
                  0.18    0.35   26.54 ^ clkbuf_2_3_0_wb_clk_i/X (sky130_fd_sc_hd__clkbuf_8)
     2    0.06                           clknet_2_3_0_wb_clk_i (net)
                  0.18    0.01   26.55 ^ clkbuf_2_3_1_wb_clk_i/A (sky130_fd_sc_hd__clkbuf_8)
                  0.21    0.37   26.92 ^ clkbuf_2_3_1_wb_clk_i/X (sky130_fd_sc_hd__clkbuf_8)
     2    0.07                           clknet_2_3_1_wb_clk_i (net)
                  0.22    0.01   26.93 ^ clkbuf_3_7_0_wb_clk_i/A (sky130_fd_sc_hd__clkbuf_8)
                  0.20    0.37   27.30 ^ clkbuf_3_7_0_wb_clk_i/X (sky130_fd_sc_hd__clkbuf_8)
     3    0.07                           clknet_3_7_0_wb_clk_i (net)
                  0.20    0.01   27.31 ^ clkbuf_4_14_0_wb_clk_i/A (sky130_fd_sc_hd__clkbuf_8)
                  0.63    0.62   27.93 ^ clkbuf_4_14_0_wb_clk_i/X (sky130_fd_sc_hd__clkbuf_8)
    12    0.24                           clknet_4_14_0_wb_clk_i (net)
                  0.64    0.07   28.00 ^ clkbuf_leaf_65_wb_clk_i/A (sky130_fd_sc_hd__clkbuf_16)
                  0.07    0.43   28.42 ^ clkbuf_leaf_65_wb_clk_i/X (sky130_fd_sc_hd__clkbuf_16)
     3    0.01                           clknet_leaf_65_wb_clk_i (net)
                  0.07    0.00   28.42 ^ i_FF[230]/CLK (sky130_fd_sc_hd__dfrtp_1)
                         -0.10   28.32   clock uncertainty
                          0.00   28.32   clock reconvergence pessimism
                         -0.30   28.02   library setup time
                                 28.02   data required time
-----------------------------------------------------------------------------
                                 28.02   data required time
                                -26.47   data arrival time
-----------------------------------------------------------------------------
                                  1.56   slack (MET)



======================= Typical Corner ===================================

Startpoint: wb_rst_i (input port clocked by clk)
Endpoint: o_FF[98] (recovery check against rising-edge clock clk)
Path Group: asynchronous
Path Type: max
Corner: Typical

Fanout     Cap    Slew   Delay    Time   Description
-----------------------------------------------------------------------------
                          0.00    0.00   clock clk (rise edge)
                          0.00    0.00   clock network delay (propagated)
                          1.00    1.00 ^ input external delay
                  0.00    0.00    1.00 ^ wb_rst_i (in)
     1    0.00                           wb_rst_i (net)
                  0.00    0.00    1.00 ^ hold15149/A (sky130_fd_sc_hd__dlygate4sd3_1)
                  0.06    0.55    1.55 ^ hold15149/X (sky130_fd_sc_hd__dlygate4sd3_1)
     1    0.00                           net16035 (net)
                  0.06    0.00    1.55 ^ hold1365/A (sky130_fd_sc_hd__clkdlybuf4s25_1)
                  0.04    0.25    1.80 ^ hold1365/X (sky130_fd_sc_hd__clkdlybuf4s25_1)
     1    0.00                           net2251 (net)
                  0.04    0.00    1.80 ^ hold15150/A (sky130_fd_sc_hd__dlygate4sd3_1)
                  0.05    0.56    2.36 ^ hold15150/X (sky130_fd_sc_hd__dlygate4sd3_1)
     1    0.00                           net16036 (net)
                  0.05    0.00    2.36 ^ hold1362/A (sky130_fd_sc_hd__clkdlybuf4s25_1)
                  0.05    0.26    2.62 ^ hold1362/X (sky130_fd_sc_hd__clkdlybuf4s25_1)
     1    0.00                           net2248 (net)
                  0.05    0.00    2.62 ^ hold1366/A (sky130_fd_sc_hd__clkdlybuf4s25_1)
                  0.04    0.26    2.88 ^ hold1366/X (sky130_fd_sc_hd__clkdlybuf4s25_1)
     1    0.00                           net2252 (net)
                  0.04    0.00    2.88 ^ input285/A (sky130_fd_sc_hd__clkbuf_1)
                  0.05    0.09    2.96 ^ input285/X (sky130_fd_sc_hd__clkbuf_1)
     1    0.00                           net285 (net)
                  0.05    0.00    2.96 ^ hold1367/A (sky130_fd_sc_hd__dlygate4sd3_1)
                  0.12    0.62    3.59 ^ hold1367/X (sky130_fd_sc_hd__dlygate4sd3_1)
     1    0.01                           net2253 (net)
                  0.12    0.00    3.59 ^ hold1363/A (sky130_fd_sc_hd__buf_12)
                  0.41    0.39    3.97 ^ hold1363/X (sky130_fd_sc_hd__buf_12)
     5    0.38                           net2249 (net)
                  0.41    0.00    3.97 ^ fanout614/A (sky130_fd_sc_hd__buf_12)
                  0.15    0.26    4.23 ^ fanout614/X (sky130_fd_sc_hd__buf_12)
     5    0.12                           net614 (net)
                  0.15    0.00    4.23 ^ load_slew616/A (sky130_fd_sc_hd__buf_12)
                  0.19    0.23    4.46 ^ load_slew616/X (sky130_fd_sc_hd__buf_12)
     1    0.17                           net616 (net)
                  0.24    0.08    4.54 ^ wire615/A (sky130_fd_sc_hd__buf_12)
                  0.21    0.25    4.79 ^ wire615/X (sky130_fd_sc_hd__buf_12)
     2    0.20                           net615 (net)
                  0.34    0.14    4.93 ^ fanout607/A (sky130_fd_sc_hd__buf_12)
                  0.39    0.40    5.33 ^ fanout607/X (sky130_fd_sc_hd__buf_12)
     8    0.35                           net607 (net)
                  0.40    0.06    5.39 ^ fanout606/A (sky130_fd_sc_hd__buf_12)
                  0.31    0.31    5.70 ^ fanout606/X (sky130_fd_sc_hd__buf_12)
     9    0.28                           net606 (net)
                  0.35    0.09    5.79 ^ fanout603/A (sky130_fd_sc_hd__buf_8)
                  0.18    0.26    6.05 ^ fanout603/X (sky130_fd_sc_hd__buf_8)
     7    0.11                           net603 (net)
                  0.19    0.03    6.08 ^ fanout602/A (sky130_fd_sc_hd__buf_6)
                  0.20    0.26    6.34 ^ fanout602/X (sky130_fd_sc_hd__buf_6)
    11    0.10                           net602 (net)
                  0.20    0.02    6.35 ^ fanout601/A (sky130_fd_sc_hd__clkbuf_4)
                  0.20    0.32    6.67 ^ fanout601/X (sky130_fd_sc_hd__clkbuf_4)
     7    0.07                           net601 (net)
                  0.20    0.00    6.67 ^ fanout600/A (sky130_fd_sc_hd__clkbuf_4)
                  0.16    0.29    6.96 ^ fanout600/X (sky130_fd_sc_hd__clkbuf_4)
     6    0.05                           net600 (net)
                  0.16    0.00    6.97 ^ fanout599/A (sky130_fd_sc_hd__buf_4)
                  0.18    0.26    7.23 ^ fanout599/X (sky130_fd_sc_hd__buf_4)
    10    0.06                           net599 (net)
                  0.18    0.00    7.23 ^ o_FF[98]/RESET_B (sky130_fd_sc_hd__dfrtp_1)
                                  7.23   data arrival time

                         25.00   25.00   clock clk (rise edge)
                          0.00   25.00   clock source latency
                  0.10    0.00   25.00 ^ wb_clk_i (in)
     2    0.25                           wb_clk_i (net)
                  0.34    0.11   25.11 ^ clkbuf_0_wb_clk_i/A (sky130_fd_sc_hd__clkbuf_16)
                  0.10    0.24   25.36 ^ clkbuf_0_wb_clk_i/X (sky130_fd_sc_hd__clkbuf_16)
     2    0.08                           clknet_0_wb_clk_i (net)
                  0.10    0.01   25.36 ^ clkbuf_1_0_0_wb_clk_i/A (sky130_fd_sc_hd__clkbuf_8)
                  0.10    0.18   25.54 ^ clkbuf_1_0_0_wb_clk_i/X (sky130_fd_sc_hd__clkbuf_8)
     1    0.05                           clknet_1_0_0_wb_clk_i (net)
                  0.10    0.01   25.55 ^ clkbuf_1_0_1_wb_clk_i/A (sky130_fd_sc_hd__clkbuf_8)
                  0.15    0.22   25.76 ^ clkbuf_1_0_1_wb_clk_i/X (sky130_fd_sc_hd__clkbuf_8)
     4    0.08                           clknet_1_0_1_wb_clk_i (net)
                  0.15    0.01   25.77 ^ clkbuf_2_1_0_wb_clk_i/A (sky130_fd_sc_hd__clkbuf_8)
                  0.11    0.20   25.97 ^ clkbuf_2_1_0_wb_clk_i/X (sky130_fd_sc_hd__clkbuf_8)
     2    0.06                           clknet_2_1_0_wb_clk_i (net)
                  0.12    0.01   25.99 ^ clkbuf_2_1_1_wb_clk_i/A (sky130_fd_sc_hd__clkbuf_8)
                  0.14    0.21   26.19 ^ clkbuf_2_1_1_wb_clk_i/X (sky130_fd_sc_hd__clkbuf_8)
     2    0.07                           clknet_2_1_1_wb_clk_i (net)
                  0.14    0.01   26.20 ^ clkbuf_3_2_0_wb_clk_i/A (sky130_fd_sc_hd__clkbuf_8)
                  0.12    0.21   26.41 ^ clkbuf_3_2_0_wb_clk_i/X (sky130_fd_sc_hd__clkbuf_8)
     3    0.07                           clknet_3_2_0_wb_clk_i (net)
                  0.13    0.01   26.42 ^ clkbuf_4_5_0_wb_clk_i/A (sky130_fd_sc_hd__clkbuf_8)
                  0.52    0.40   26.82 ^ clkbuf_4_5_0_wb_clk_i/X (sky130_fd_sc_hd__clkbuf_8)
    15    0.30                           clknet_4_5_0_wb_clk_i (net)
                  0.55    0.10   26.92 ^ clkbuf_leaf_138_wb_clk_i/A (sky130_fd_sc_hd__clkbuf_16)
                  0.05    0.23   27.15 ^ clkbuf_leaf_138_wb_clk_i/X (sky130_fd_sc_hd__clkbuf_16)
     4    0.01                           clknet_leaf_138_wb_clk_i (net)
                  0.05    0.00   27.15 ^ o_FF[98]/CLK (sky130_fd_sc_hd__dfrtp_1)
                         -0.10   27.05   clock uncertainty
                          0.00   27.05   clock reconvergence pessimism
                          0.20   27.24   library recovery time
                                 27.24   data required time
-----------------------------------------------------------------------------
                                 27.24   data required time
                                 -7.23   data arrival time
-----------------------------------------------------------------------------
                                 20.01   slack (MET)


Startpoint: la_data_in[38] (input port clocked by clk)
Endpoint: i_FF[230] (rising edge-triggered flip-flop clocked by clk)
Path Group: clk
Path Type: max
Corner: Typical

Fanout     Cap    Slew   Delay    Time   Description
-----------------------------------------------------------------------------
                          0.00    0.00   clock clk (rise edge)
                          0.00    0.00   clock network delay (propagated)
                          1.00    1.00 ^ input external delay
                  0.00    0.00    1.00 ^ la_data_in[38] (in)
     2    0.02                           la_data_in[38] (net)
                  0.00    0.00    1.00 ^ hold12552/A (sky130_fd_sc_hd__dlygate4sd3_1)
                  0.15    0.63    1.63 ^ hold12552/X (sky130_fd_sc_hd__dlygate4sd3_1)
     1    0.01                           net13438 (net)
                  0.15    0.00    1.63 ^ hold9378/A (sky130_fd_sc_hd__clkdlybuf4s25_1)
                  0.14    0.36    1.99 ^ hold9378/X (sky130_fd_sc_hd__clkdlybuf4s25_1)
     1    0.01                           net10264 (net)
                  0.14    0.00    1.99 ^ hold12553/A (sky130_fd_sc_hd__dlygate4sd3_1)
                  0.15    0.67    2.66 ^ hold12553/X (sky130_fd_sc_hd__dlygate4sd3_1)
     1    0.01                           net13439 (net)
                  0.15    0.00    2.66 ^ hold6242/A (sky130_fd_sc_hd__clkdlybuf4s25_1)
                  0.05    0.30    2.96 ^ hold6242/X (sky130_fd_sc_hd__clkdlybuf4s25_1)
     1    0.00                           net7128 (net)
                  0.05    0.00    2.96 ^ hold12554/A (sky130_fd_sc_hd__dlygate4sd3_1)
                  0.08    0.59    3.55 ^ hold12554/X (sky130_fd_sc_hd__dlygate4sd3_1)
     1    0.01                           net13440 (net)
                  0.08    0.00    3.55 ^ hold9379/A (sky130_fd_sc_hd__clkdlybuf4s25_1)
                  0.09    0.30    3.85 ^ hold9379/X (sky130_fd_sc_hd__clkdlybuf4s25_1)
     1    0.01                           net10265 (net)
                  0.09    0.00    3.85 ^ hold12555/A (sky130_fd_sc_hd__dlygate4sd3_1)
                  0.09    0.61    4.46 ^ hold12555/X (sky130_fd_sc_hd__dlygate4sd3_1)
     1    0.01                           net13441 (net)
                  0.09    0.00    4.46 ^ hold2436/A (sky130_fd_sc_hd__clkdlybuf4s25_1)
                  0.07    0.29    4.75 ^ hold2436/X (sky130_fd_sc_hd__clkdlybuf4s25_1)
     1    0.01                           net3322 (net)
                  0.07    0.00    4.75 ^ hold12556/A (sky130_fd_sc_hd__dlygate4sd3_1)
                  0.11    0.62    5.37 ^ hold12556/X (sky130_fd_sc_hd__dlygate4sd3_1)
     1    0.01                           net13442 (net)
                  0.11    0.00    5.37 ^ hold9380/A (sky130_fd_sc_hd__clkdlybuf4s25_1)
                  0.05    0.29    5.66 ^ hold9380/X (sky130_fd_sc_hd__clkdlybuf4s25_1)
     1    0.00                           net10266 (net)
                  0.05    0.00    5.66 ^ hold12557/A (sky130_fd_sc_hd__dlygate4sd3_1)
                  0.08    0.59    6.25 ^ hold12557/X (sky130_fd_sc_hd__dlygate4sd3_1)
     1    0.01                           net13443 (net)
                  0.08    0.00    6.25 ^ hold6243/A (sky130_fd_sc_hd__clkdlybuf4s25_1)
                  0.10    0.31    6.56 ^ hold6243/X (sky130_fd_sc_hd__clkdlybuf4s25_1)
     1    0.01                           net7129 (net)
                  0.10    0.00    6.56 ^ hold12558/A (sky130_fd_sc_hd__dlygate4sd3_1)
                  0.12    0.64    7.21 ^ hold12558/X (sky130_fd_sc_hd__dlygate4sd3_1)
     1    0.01                           net13444 (net)
                  0.12    0.00    7.21 ^ hold9381/A (sky130_fd_sc_hd__clkdlybuf4s25_1)
                  0.07    0.30    7.51 ^ hold9381/X (sky130_fd_sc_hd__clkdlybuf4s25_1)
     1    0.01                           net10267 (net)
                  0.07    0.00    7.51 ^ hold12559/A (sky130_fd_sc_hd__dlygate4sd3_1)
                  0.06    0.58    8.08 ^ hold12559/X (sky130_fd_sc_hd__dlygate4sd3_1)
     1    0.00                           net13445 (net)
                  0.06    0.00    8.08 ^ hold533/A (sky130_fd_sc_hd__clkdlybuf4s25_1)
                  0.06    0.28    8.36 ^ hold533/X (sky130_fd_sc_hd__clkdlybuf4s25_1)
     1    0.00                           net1419 (net)
                  0.06    0.00    8.36 ^ hold12560/A (sky130_fd_sc_hd__dlygate4sd3_1)
                  0.06    0.57    8.93 ^ hold12560/X (sky130_fd_sc_hd__dlygate4sd3_1)
     1    0.00                           net13446 (net)
                  0.06    0.00    8.93 ^ hold9382/A (sky130_fd_sc_hd__clkdlybuf4s50_1)
                  0.07    0.52    9.45 ^ hold9382/X (sky130_fd_sc_hd__clkdlybuf4s50_1)
     1    0.01                           net10268 (net)
                  0.07    0.00    9.45 ^ hold12561/A (sky130_fd_sc_hd__dlygate4sd3_1)
                  0.12    0.63   10.08 ^ hold12561/X (sky130_fd_sc_hd__dlygate4sd3_1)
     1    0.01                           net13447 (net)
                  0.12    0.00   10.08 ^ hold6244/A (sky130_fd_sc_hd__clkdlybuf4s25_1)
                  0.16    0.38   10.46 ^ hold6244/X (sky130_fd_sc_hd__clkdlybuf4s25_1)
     1    0.02                           net7130 (net)
                  0.16    0.00   10.46 ^ hold9383/A (sky130_fd_sc_hd__clkdlybuf4s25_1)
                  0.15    0.37   10.83 ^ hold9383/X (sky130_fd_sc_hd__clkdlybuf4s25_1)
     1    0.01                           net10269 (net)
                  0.15    0.00   10.83 ^ hold2437/A (sky130_fd_sc_hd__clkdlybuf4s25_1)
                  0.20    0.41   11.24 ^ hold2437/X (sky130_fd_sc_hd__clkdlybuf4s25_1)
     1    0.02                           net3323 (net)
                  0.20    0.00   11.24 ^ hold9384/A (sky130_fd_sc_hd__clkdlybuf4s25_1)
                  0.05    0.31   11.55 ^ hold9384/X (sky130_fd_sc_hd__clkdlybuf4s25_1)
     1    0.00                           net10270 (net)
                  0.05    0.00   11.55 ^ hold6245/A (sky130_fd_sc_hd__clkdlybuf4s25_1)
                  0.06    0.27   11.82 ^ hold6245/X (sky130_fd_sc_hd__clkdlybuf4s25_1)
     1    0.00                           net7131 (net)
                  0.06    0.00   11.82 ^ input87/A (sky130_fd_sc_hd__clkbuf_1)
                  0.19    0.20   12.01 ^ input87/X (sky130_fd_sc_hd__clkbuf_1)
     1    0.02                           net87 (net)
                  0.19    0.00   12.01 ^ hold6246/A (sky130_fd_sc_hd__clkdlybuf4s25_1)
                  0.16    0.39   12.40 ^ hold6246/X (sky130_fd_sc_hd__clkdlybuf4s25_1)
     1    0.02                           net7132 (net)
                  0.16    0.00   12.40 ^ hold2438/A (sky130_fd_sc_hd__clkdlybuf4s25_1)
                  0.05    0.30   12.71 ^ hold2438/X (sky130_fd_sc_hd__clkdlybuf4s25_1)
     1    0.00                           net3324 (net)
                  0.05    0.00   12.71 ^ hold6247/A (sky130_fd_sc_hd__clkdlybuf4s25_1)
                  0.10    0.30   13.01 ^ hold6247/X (sky130_fd_sc_hd__clkdlybuf4s25_1)
     1    0.01                           net7133 (net)
                  0.10    0.00   13.01 ^ hold534/A (sky130_fd_sc_hd__clkdlybuf4s25_1)
                  0.10    0.32   13.33 ^ hold534/X (sky130_fd_sc_hd__clkdlybuf4s25_1)
     1    0.01                           net1420 (net)
                  0.10    0.00   13.33 ^ hold6248/A (sky130_fd_sc_hd__clkdlybuf4s25_1)
                  0.10    0.32   13.65 ^ hold6248/X (sky130_fd_sc_hd__clkdlybuf4s25_1)
     1    0.01                           net7134 (net)
                  0.10    0.00   13.65 ^ hold2439/A (sky130_fd_sc_hd__clkdlybuf4s25_1)
                  0.07    0.30   13.95 ^ hold2439/X (sky130_fd_sc_hd__clkdlybuf4s25_1)
     1    0.01                           net3325 (net)
                  0.07    0.00   13.95 ^ hold6249/A (sky130_fd_sc_hd__clkdlybuf4s25_1)
                  0.09    0.30   14.25 ^ hold6249/X (sky130_fd_sc_hd__clkdlybuf4s25_1)
     1    0.01                           net7135 (net)
                  0.09    0.00   14.25 ^ i_FF[230]/D (sky130_fd_sc_hd__dfrtp_1)
                                 14.25   data arrival time

                         25.00   25.00   clock clk (rise edge)
                          0.00   25.00   clock source latency
                  0.10    0.00   25.00 ^ wb_clk_i (in)
     2    0.25                           wb_clk_i (net)
                  0.34    0.11   25.11 ^ clkbuf_0_wb_clk_i/A (sky130_fd_sc_hd__clkbuf_16)
                  0.10    0.24   25.36 ^ clkbuf_0_wb_clk_i/X (sky130_fd_sc_hd__clkbuf_16)
     2    0.08                           clknet_0_wb_clk_i (net)
                  0.10    0.01   25.36 ^ clkbuf_1_1_0_wb_clk_i/A (sky130_fd_sc_hd__clkbuf_8)
                  0.10    0.18   25.54 ^ clkbuf_1_1_0_wb_clk_i/X (sky130_fd_sc_hd__clkbuf_8)
     1    0.05                           clknet_1_1_0_wb_clk_i (net)
                  0.10    0.01   25.55 ^ clkbuf_1_1_1_wb_clk_i/A (sky130_fd_sc_hd__clkbuf_8)
                  0.13    0.20   25.75 ^ clkbuf_1_1_1_wb_clk_i/X (sky130_fd_sc_hd__clkbuf_8)
     4    0.07                           clknet_1_1_1_wb_clk_i (net)
                  0.13    0.01   25.75 ^ clkbuf_2_3_0_wb_clk_i/A (sky130_fd_sc_hd__clkbuf_8)
                  0.11    0.20   25.95 ^ clkbuf_2_3_0_wb_clk_i/X (sky130_fd_sc_hd__clkbuf_8)
     2    0.06                           clknet_2_3_0_wb_clk_i (net)
                  0.12    0.01   25.96 ^ clkbuf_2_3_1_wb_clk_i/A (sky130_fd_sc_hd__clkbuf_8)
                  0.14    0.21   26.17 ^ clkbuf_2_3_1_wb_clk_i/X (sky130_fd_sc_hd__clkbuf_8)
     2    0.07                           clknet_2_3_1_wb_clk_i (net)
                  0.14    0.01   26.18 ^ clkbuf_3_7_0_wb_clk_i/A (sky130_fd_sc_hd__clkbuf_8)
                  0.13    0.21   26.39 ^ clkbuf_3_7_0_wb_clk_i/X (sky130_fd_sc_hd__clkbuf_8)
     3    0.07                           clknet_3_7_0_wb_clk_i (net)
                  0.13    0.01   26.40 ^ clkbuf_4_14_0_wb_clk_i/A (sky130_fd_sc_hd__clkbuf_8)
                  0.41    0.36   26.75 ^ clkbuf_4_14_0_wb_clk_i/X (sky130_fd_sc_hd__clkbuf_8)
    12    0.24                           clknet_4_14_0_wb_clk_i (net)
                  0.43    0.06   26.82 ^ clkbuf_leaf_65_wb_clk_i/A (sky130_fd_sc_hd__clkbuf_16)
                  0.04    0.21   27.03 ^ clkbuf_leaf_65_wb_clk_i/X (sky130_fd_sc_hd__clkbuf_16)
     3    0.01                           clknet_leaf_65_wb_clk_i (net)
                  0.04    0.00   27.03 ^ i_FF[230]/CLK (sky130_fd_sc_hd__dfrtp_1)
                         -0.10   26.93   clock uncertainty
                          0.00   26.93   clock reconvergence pessimism
                         -0.07   26.86   library setup time
                                 26.86   data required time
-----------------------------------------------------------------------------
                                 26.86   data required time
                                -14.25   data arrival time
-----------------------------------------------------------------------------
                                 12.61   slack (MET)




===========================================================================
report_checks --slack_max -0.01
============================================================================
======================= Fastest Corner ===================================

No paths found.

======================= Slowest Corner ===================================

No paths found.

======================= Typical Corner ===================================

No paths found.


===========================================================================
 report_check_types -max_slew -max_cap -max_fanout -violators
============================================================================
======================= Fastest Corner ===================================

max fanout

Pin                                   Limit Fanout  Slack
---------------------------------------------------------
input284/X                               10     49    -39 (VIOLATED)
input356/X                               10     31    -21 (VIOLATED)
clkbuf_4_13_0_wb_clk_i/X                 10     27    -17 (VIOLATED)
fanout652/X                              10     21    -11 (VIOLATED)
clkbuf_4_15_0_wb_clk_i/X                 10     18     -8 (VIOLATED)
clkbuf_4_0_0_wb_clk_i/X                  10     16     -6 (VIOLATED)
clkbuf_4_10_0_wb_clk_i/X                 10     16     -6 (VIOLATED)
fanout588/X                              10     16     -6 (VIOLATED)
clkbuf_4_5_0_wb_clk_i/X                  10     15     -5 (VIOLATED)
clkbuf_4_3_0_wb_clk_i/X                  10     13     -3 (VIOLATED)
clkbuf_4_4_0_wb_clk_i/X                  10     13     -3 (VIOLATED)
clkbuf_4_14_0_wb_clk_i/X                 10     12     -2 (VIOLATED)
clkbuf_4_1_0_wb_clk_i/X                  10     12     -2 (VIOLATED)
clkbuf_4_7_0_wb_clk_i/X                  10     12     -2 (VIOLATED)
clkbuf_4_8_0_wb_clk_i/X                  10     12     -2 (VIOLATED)
fanout641/X                              10     12     -2 (VIOLATED)
fanout654/X                              10     12     -2 (VIOLATED)
clkbuf_4_11_0_wb_clk_i/X                 10     11        (VIOLATED)
fanout602/X                              10     11        (VIOLATED)


======================= Slowest Corner ===================================

max fanout

Pin                                   Limit Fanout  Slack
---------------------------------------------------------
input284/X                               10     49    -39 (VIOLATED)
input356/X                               10     31    -21 (VIOLATED)
clkbuf_4_13_0_wb_clk_i/X                 10     27    -17 (VIOLATED)
fanout652/X                              10     21    -11 (VIOLATED)
clkbuf_4_15_0_wb_clk_i/X                 10     18     -8 (VIOLATED)
clkbuf_4_0_0_wb_clk_i/X                  10     16     -6 (VIOLATED)
clkbuf_4_10_0_wb_clk_i/X                 10     16     -6 (VIOLATED)
fanout588/X                              10     16     -6 (VIOLATED)
clkbuf_4_5_0_wb_clk_i/X                  10     15     -5 (VIOLATED)
clkbuf_4_3_0_wb_clk_i/X                  10     13     -3 (VIOLATED)
clkbuf_4_4_0_wb_clk_i/X                  10     13     -3 (VIOLATED)
clkbuf_4_14_0_wb_clk_i/X                 10     12     -2 (VIOLATED)
clkbuf_4_1_0_wb_clk_i/X                  10     12     -2 (VIOLATED)
clkbuf_4_7_0_wb_clk_i/X                  10     12     -2 (VIOLATED)
clkbuf_4_8_0_wb_clk_i/X                  10     12     -2 (VIOLATED)
fanout641/X                              10     12     -2 (VIOLATED)
fanout654/X                              10     12     -2 (VIOLATED)
clkbuf_4_11_0_wb_clk_i/X                 10     11        (VIOLATED)
fanout602/X                              10     11        (VIOLATED)


======================= Typical Corner ===================================

max fanout

Pin                                   Limit Fanout  Slack
---------------------------------------------------------
input284/X                               10     49    -39 (VIOLATED)
input356/X                               10     31    -21 (VIOLATED)
clkbuf_4_13_0_wb_clk_i/X                 10     27    -17 (VIOLATED)
fanout652/X                              10     21    -11 (VIOLATED)
clkbuf_4_15_0_wb_clk_i/X                 10     18     -8 (VIOLATED)
clkbuf_4_0_0_wb_clk_i/X                  10     16     -6 (VIOLATED)
clkbuf_4_10_0_wb_clk_i/X                 10     16     -6 (VIOLATED)
fanout588/X                              10     16     -6 (VIOLATED)
clkbuf_4_5_0_wb_clk_i/X                  10     15     -5 (VIOLATED)
clkbuf_4_3_0_wb_clk_i/X                  10     13     -3 (VIOLATED)
clkbuf_4_4_0_wb_clk_i/X                  10     13     -3 (VIOLATED)
clkbuf_4_14_0_wb_clk_i/X                 10     12     -2 (VIOLATED)
clkbuf_4_1_0_wb_clk_i/X                  10     12     -2 (VIOLATED)
clkbuf_4_7_0_wb_clk_i/X                  10     12     -2 (VIOLATED)
clkbuf_4_8_0_wb_clk_i/X                  10     12     -2 (VIOLATED)
fanout641/X                              10     12     -2 (VIOLATED)
fanout654/X                              10     12     -2 (VIOLATED)
clkbuf_4_11_0_wb_clk_i/X                 10     11        (VIOLATED)
fanout602/X                              10     11        (VIOLATED)



===========================================================================
report_parasitic_annotation -report_unannotated
============================================================================
Found 675 unannotated drivers.
 gpio_analog[0]
 gpio_analog[10]
 gpio_analog[11]
 gpio_analog[12]
 gpio_analog[13]
 gpio_analog[14]
 gpio_analog[15]
 gpio_analog[16]
 gpio_analog[17]
 gpio_analog[1]
 gpio_analog[2]
 gpio_analog[3]
 gpio_analog[4]
 gpio_analog[5]
 gpio_analog[6]
 gpio_analog[7]
 gpio_analog[8]
 gpio_analog[9]
 gpio_noesd[0]
 gpio_noesd[10]
 gpio_noesd[11]
 gpio_noesd[12]
 gpio_noesd[13]
 gpio_noesd[14]
 gpio_noesd[15]
 gpio_noesd[16]
 gpio_noesd[17]
 gpio_noesd[1]
 gpio_noesd[2]
 gpio_noesd[3]
 gpio_noesd[4]
 gpio_noesd[5]
 gpio_noesd[6]
 gpio_noesd[7]
 gpio_noesd[8]
 gpio_noesd[9]
 io_analog[0]
 io_analog[10]
 io_analog[1]
 io_analog[2]
 io_analog[3]
 io_analog[4]
 io_analog[5]
 io_analog[6]
 io_analog[7]
 io_analog[8]
 io_analog[9]
 io_clamp_high[0]
 io_clamp_high[1]
 io_clamp_high[2]
 io_clamp_low[0]
 io_clamp_low[1]
 io_clamp_low[2]
 io_in_3v3[0]
 io_in_3v3[10]
 io_in_3v3[11]
 io_in_3v3[12]
 io_in_3v3[13]
 io_in_3v3[14]
 io_in_3v3[15]
 io_in_3v3[16]
 io_in_3v3[17]
 io_in_3v3[18]
 io_in_3v3[19]
 io_in_3v3[1]
 io_in_3v3[20]
 io_in_3v3[21]
 io_in_3v3[22]
 io_in_3v3[23]
 io_in_3v3[24]
 io_in_3v3[25]
 io_in_3v3[26]
 io_in_3v3[2]
 io_in_3v3[3]
 io_in_3v3[4]
 io_in_3v3[5]
 io_in_3v3[6]
 io_in_3v3[7]
 io_in_3v3[8]
 io_in_3v3[9]
 i_FF\[0\]/Q
 i_FF\[100\]/Q
 i_FF\[101\]/Q
 i_FF\[102\]/Q
 i_FF\[103\]/Q
 i_FF\[104\]/Q
 i_FF\[105\]/Q
 i_FF\[106\]/Q
 i_FF\[107\]/Q
 i_FF\[108\]/Q
 i_FF\[109\]/Q
 i_FF\[10\]/Q
 i_FF\[110\]/Q
 i_FF\[111\]/Q
 i_FF\[112\]/Q
 i_FF\[113\]/Q
 i_FF\[114\]/Q
 i_FF\[115\]/Q
 i_FF\[116\]/Q
 i_FF\[117\]/Q
 i_FF\[118\]/Q
 i_FF\[119\]/Q
 i_FF\[11\]/Q
 i_FF\[120\]/Q
 i_FF\[121\]/Q
 i_FF\[122\]/Q
 i_FF\[123\]/Q
 i_FF\[124\]/Q
 i_FF\[125\]/Q
 i_FF\[126\]/Q
 i_FF\[127\]/Q
 i_FF\[128\]/Q
 i_FF\[129\]/Q
 i_FF\[12\]/Q
 i_FF\[130\]/Q
 i_FF\[131\]/Q
 i_FF\[132\]/Q
 i_FF\[133\]/Q
 i_FF\[134\]/Q
 i_FF\[135\]/Q
 i_FF\[136\]/Q
 i_FF\[137\]/Q
 i_FF\[138\]/Q
 i_FF\[139\]/Q
 i_FF\[13\]/Q
 i_FF\[140\]/Q
 i_FF\[141\]/Q
 i_FF\[142\]/Q
 i_FF\[143\]/Q
 i_FF\[144\]/Q
 i_FF\[145\]/Q
 i_FF\[146\]/Q
 i_FF\[147\]/Q
 i_FF\[148\]/Q
 i_FF\[149\]/Q
 i_FF\[14\]/Q
 i_FF\[150\]/Q
 i_FF\[151\]/Q
 i_FF\[152\]/Q
 i_FF\[153\]/Q
 i_FF\[154\]/Q
 i_FF\[155\]/Q
 i_FF\[156\]/Q
 i_FF\[157\]/Q
 i_FF\[158\]/Q
 i_FF\[159\]/Q
 i_FF\[15\]/Q
 i_FF\[160\]/Q
 i_FF\[161\]/Q
 i_FF\[162\]/Q
 i_FF\[163\]/Q
 i_FF\[164\]/Q
 i_FF\[165\]/Q
 i_FF\[166\]/Q
 i_FF\[167\]/Q
 i_FF\[168\]/Q
 i_FF\[169\]/Q
 i_FF\[16\]/Q
 i_FF\[170\]/Q
 i_FF\[171\]/Q
 i_FF\[172\]/Q
 i_FF\[173\]/Q
 i_FF\[174\]/Q
 i_FF\[175\]/Q
 i_FF\[176\]/Q
 i_FF\[177\]/Q
 i_FF\[178\]/Q
 i_FF\[179\]/Q
 i_FF\[17\]/Q
 i_FF\[180\]/Q
 i_FF\[181\]/Q
 i_FF\[182\]/Q
 i_FF\[183\]/Q
 i_FF\[184\]/Q
 i_FF\[185\]/Q
 i_FF\[186\]/Q
 i_FF\[187\]/Q
 i_FF\[188\]/Q
 i_FF\[189\]/Q
 i_FF\[18\]/Q
 i_FF\[190\]/Q
 i_FF\[191\]/Q
 i_FF\[192\]/Q
 i_FF\[193\]/Q
 i_FF\[194\]/Q
 i_FF\[195\]/Q
 i_FF\[196\]/Q
 i_FF\[197\]/Q
 i_FF\[198\]/Q
 i_FF\[199\]/Q
 i_FF\[19\]/Q
 i_FF\[1\]/Q
 i_FF\[200\]/Q
 i_FF\[201\]/Q
 i_FF\[202\]/Q
 i_FF\[203\]/Q
 i_FF\[204\]/Q
 i_FF\[205\]/Q
 i_FF\[206\]/Q
 i_FF\[207\]/Q
 i_FF\[208\]/Q
 i_FF\[209\]/Q
 i_FF\[20\]/Q
 i_FF\[210\]/Q
 i_FF\[211\]/Q
 i_FF\[212\]/Q
 i_FF\[213\]/Q
 i_FF\[214\]/Q
 i_FF\[215\]/Q
 i_FF\[216\]/Q
 i_FF\[217\]/Q
 i_FF\[218\]/Q
 i_FF\[219\]/Q
 i_FF\[21\]/Q
 i_FF\[220\]/Q
 i_FF\[221\]/Q
 i_FF\[222\]/Q
 i_FF\[223\]/Q
 i_FF\[224\]/Q
 i_FF\[225\]/Q
 i_FF\[226\]/Q
 i_FF\[227\]/Q
 i_FF\[228\]/Q
 i_FF\[229\]/Q
 i_FF\[22\]/Q
 i_FF\[230\]/Q
 i_FF\[231\]/Q
 i_FF\[232\]/Q
 i_FF\[233\]/Q
 i_FF\[234\]/Q
 i_FF\[235\]/Q
 i_FF\[236\]/Q
 i_FF\[237\]/Q
 i_FF\[238\]/Q
 i_FF\[239\]/Q
 i_FF\[23\]/Q
 i_FF\[240\]/Q
 i_FF\[241\]/Q
 i_FF\[242\]/Q
 i_FF\[243\]/Q
 i_FF\[244\]/Q
 i_FF\[245\]/Q
 i_FF\[246\]/Q
 i_FF\[247\]/Q
 i_FF\[248\]/Q
 i_FF\[249\]/Q
 i_FF\[24\]/Q
 i_FF\[250\]/Q
 i_FF\[251\]/Q
 i_FF\[252\]/Q
 i_FF\[253\]/Q
 i_FF\[254\]/Q
 i_FF\[255\]/Q
 i_FF\[256\]/Q
 i_FF\[257\]/Q
 i_FF\[258\]/Q
 i_FF\[259\]/Q
 i_FF\[25\]/Q
 i_FF\[260\]/Q
 i_FF\[261\]/Q
 i_FF\[262\]/Q
 i_FF\[263\]/Q
 i_FF\[264\]/Q
 i_FF\[265\]/Q
 i_FF\[266\]/Q
 i_FF\[267\]/Q
 i_FF\[268\]/Q
 i_FF\[269\]/Q
 i_FF\[26\]/Q
 i_FF\[270\]/Q
 i_FF\[271\]/Q
 i_FF\[272\]/Q
 i_FF\[273\]/Q
 i_FF\[274\]/Q
 i_FF\[275\]/Q
 i_FF\[276\]/Q
 i_FF\[277\]/Q
 i_FF\[278\]/Q
 i_FF\[279\]/Q
 i_FF\[27\]/Q
 i_FF\[280\]/Q
 i_FF\[281\]/Q
 i_FF\[282\]/Q
 i_FF\[283\]/Q
 i_FF\[284\]/Q
 i_FF\[285\]/Q
 i_FF\[286\]/Q
 i_FF\[287\]/Q
 i_FF\[288\]/Q
 i_FF\[289\]/Q
 i_FF\[28\]/Q
 i_FF\[290\]/Q
 i_FF\[291\]/Q
 i_FF\[292\]/Q
 i_FF\[293\]/Q
 i_FF\[294\]/Q
 i_FF\[295\]/Q
 i_FF\[296\]/Q
 i_FF\[297\]/Q
 i_FF\[298\]/Q
 i_FF\[299\]/Q
 i_FF\[29\]/Q
 i_FF\[2\]/Q
 i_FF\[300\]/Q
 i_FF\[301\]/Q
 i_FF\[302\]/Q
 i_FF\[303\]/Q
 i_FF\[304\]/Q
 i_FF\[305\]/Q
 i_FF\[306\]/Q
 i_FF\[307\]/Q
 i_FF\[308\]/Q
 i_FF\[309\]/Q
 i_FF\[30\]/Q
 i_FF\[310\]/Q
 i_FF\[311\]/Q
 i_FF\[312\]/Q
 i_FF\[313\]/Q
 i_FF\[314\]/Q
 i_FF\[315\]/Q
 i_FF\[316\]/Q
 i_FF\[317\]/Q
 i_FF\[318\]/Q
 i_FF\[319\]/Q
 i_FF\[31\]/Q
 i_FF\[320\]/Q
 i_FF\[321\]/Q
 i_FF\[322\]/Q
 i_FF\[323\]/Q
 i_FF\[324\]/Q
 i_FF\[325\]/Q
 i_FF\[326\]/Q
 i_FF\[327\]/Q
 i_FF\[328\]/Q
 i_FF\[329\]/Q
 i_FF\[32\]/Q
 i_FF\[330\]/Q
 i_FF\[331\]/Q
 i_FF\[332\]/Q
 i_FF\[333\]/Q
 i_FF\[334\]/Q
 i_FF\[335\]/Q
 i_FF\[336\]/Q
 i_FF\[337\]/Q
 i_FF\[338\]/Q
 i_FF\[339\]/Q
 i_FF\[33\]/Q
 i_FF\[340\]/Q
 i_FF\[341\]/Q
 i_FF\[342\]/Q
 i_FF\[343\]/Q
 i_FF\[344\]/Q
 i_FF\[345\]/Q
 i_FF\[346\]/Q
 i_FF\[347\]/Q
 i_FF\[348\]/Q
 i_FF\[349\]/Q
 i_FF\[34\]/Q
 i_FF\[350\]/Q
 i_FF\[351\]/Q
 i_FF\[352\]/Q
 i_FF\[353\]/Q
 i_FF\[35\]/Q
 i_FF\[36\]/Q
 i_FF\[37\]/Q
 i_FF\[38\]/Q
 i_FF\[39\]/Q
 i_FF\[3\]/Q
 i_FF\[40\]/Q
 i_FF\[41\]/Q
 i_FF\[42\]/Q
 i_FF\[43\]/Q
 i_FF\[44\]/Q
 i_FF\[45\]/Q
 i_FF\[46\]/Q
 i_FF\[47\]/Q
 i_FF\[48\]/Q
 i_FF\[49\]/Q
 i_FF\[4\]/Q
 i_FF\[50\]/Q
 i_FF\[51\]/Q
 i_FF\[52\]/Q
 i_FF\[53\]/Q
 i_FF\[54\]/Q
 i_FF\[55\]/Q
 i_FF\[56\]/Q
 i_FF\[57\]/Q
 i_FF\[58\]/Q
 i_FF\[59\]/Q
 i_FF\[5\]/Q
 i_FF\[60\]/Q
 i_FF\[61\]/Q
 i_FF\[62\]/Q
 i_FF\[63\]/Q
 i_FF\[64\]/Q
 i_FF\[65\]/Q
 i_FF\[66\]/Q
 i_FF\[67\]/Q
 i_FF\[68\]/Q
 i_FF\[69\]/Q
 i_FF\[6\]/Q
 i_FF\[70\]/Q
 i_FF\[71\]/Q
 i_FF\[72\]/Q
 i_FF\[73\]/Q
 i_FF\[74\]/Q
 i_FF\[75\]/Q
 i_FF\[76\]/Q
 i_FF\[77\]/Q
 i_FF\[78\]/Q
 i_FF\[79\]/Q
 i_FF\[7\]/Q
 i_FF\[80\]/Q
 i_FF\[81\]/Q
 i_FF\[82\]/Q
 i_FF\[83\]/Q
 i_FF\[84\]/Q
 i_FF\[85\]/Q
 i_FF\[86\]/Q
 i_FF\[87\]/Q
 i_FF\[88\]/Q
 i_FF\[89\]/Q
 i_FF\[8\]/Q
 i_FF\[90\]/Q
 i_FF\[91\]/Q
 i_FF\[92\]/Q
 i_FF\[93\]/Q
 i_FF\[94\]/Q
 i_FF\[95\]/Q
 i_FF\[96\]/Q
 i_FF\[97\]/Q
 i_FF\[98\]/Q
 i_FF\[99\]/Q
 i_FF\[9\]/Q
 o_FF\[0\]_878/HI
 o_FF\[100\]_879/HI
 o_FF\[101\]_880/HI
 o_FF\[102\]_881/HI
 o_FF\[103\]_882/HI
 o_FF\[104\]_883/HI
 o_FF\[105\]_884/HI
 o_FF\[106\]_885/HI
 o_FF\[107\]_886/HI
 o_FF\[108\]_658/HI
 o_FF\[109\]_659/HI
 o_FF\[10\]_660/HI
 o_FF\[110\]_661/HI
 o_FF\[111\]_662/HI
 o_FF\[112\]_663/HI
 o_FF\[113\]_664/HI
 o_FF\[114\]_665/HI
 o_FF\[115\]_666/HI
 o_FF\[116\]_667/HI
 o_FF\[117\]_668/HI
 o_FF\[118\]_669/HI
 o_FF\[119\]_670/HI
 o_FF\[11\]_671/HI
 o_FF\[120\]_672/HI
 o_FF\[121\]_673/HI
 o_FF\[122\]_674/HI
 o_FF\[123\]_675/HI
 o_FF\[124\]_676/HI
 o_FF\[125\]_677/HI
 o_FF\[126\]_678/HI
 o_FF\[127\]_679/HI
 o_FF\[128\]_680/HI
 o_FF\[129\]_681/HI
 o_FF\[12\]_682/HI
 o_FF\[130\]_683/HI
 o_FF\[131\]_684/HI
 o_FF\[132\]_685/HI
 o_FF\[133\]_686/HI
 o_FF\[134\]_687/HI
 o_FF\[135\]_688/HI
 o_FF\[136\]_689/HI
 o_FF\[137\]_690/HI
 o_FF\[138\]_691/HI
 o_FF\[139\]_692/HI
 o_FF\[13\]_693/HI
 o_FF\[140\]_694/HI
 o_FF\[141\]_695/HI
 o_FF\[142\]_696/HI
 o_FF\[143\]_697/HI
 o_FF\[144\]_698/HI
 o_FF\[145\]_699/HI
 o_FF\[146\]_700/HI
 o_FF\[147\]_701/HI
 o_FF\[148\]_702/HI
 o_FF\[149\]_703/HI
 o_FF\[14\]_704/HI
 o_FF\[150\]_705/HI
 o_FF\[151\]_706/HI
 o_FF\[152\]_707/HI
 o_FF\[153\]_708/HI
 o_FF\[154\]_709/HI
 o_FF\[155\]_710/HI
 o_FF\[156\]_711/HI
 o_FF\[157\]_712/HI
 o_FF\[158\]_713/HI
 o_FF\[159\]_714/HI
 o_FF\[15\]_715/HI
 o_FF\[160\]_716/HI
 o_FF\[161\]_717/HI
 o_FF\[162\]_718/HI
 o_FF\[163\]_719/HI
 o_FF\[164\]_720/HI
 o_FF\[165\]_721/HI
 o_FF\[166\]_722/HI
 o_FF\[167\]_723/HI
 o_FF\[168\]_724/HI
 o_FF\[169\]_725/HI
 o_FF\[16\]_726/HI
 o_FF\[170\]_727/HI
 o_FF\[171\]_728/HI
 o_FF\[172\]_729/HI
 o_FF\[173\]_730/HI
 o_FF\[174\]_731/HI
 o_FF\[175\]_732/HI
 o_FF\[176\]_733/HI
 o_FF\[177\]_734/HI
 o_FF\[178\]_735/HI
 o_FF\[179\]_736/HI
 o_FF\[17\]_737/HI
 o_FF\[180\]_738/HI
 o_FF\[181\]_739/HI
 o_FF\[182\]_740/HI
 o_FF\[183\]_741/HI
 o_FF\[184\]_742/HI
 o_FF\[185\]_743/HI
 o_FF\[186\]_744/HI
 o_FF\[187\]_745/HI
 o_FF\[188\]_746/HI
 o_FF\[189\]_747/HI
 o_FF\[18\]_748/HI
 o_FF\[190\]_749/HI
 o_FF\[191\]_750/HI
 o_FF\[192\]_751/HI
 o_FF\[193\]_752/HI
 o_FF\[194\]_753/HI
 o_FF\[195\]_754/HI
 o_FF\[196\]_755/HI
 o_FF\[197\]_756/HI
 o_FF\[198\]_757/HI
 o_FF\[199\]_758/HI
 o_FF\[19\]_759/HI
 o_FF\[1\]_760/HI
 o_FF\[200\]_761/HI
 o_FF\[201\]_762/HI
 o_FF\[202\]_763/HI
 o_FF\[203\]_764/HI
 o_FF\[204\]_765/HI
 o_FF\[205\]_766/HI
 o_FF\[206\]_767/HI
 o_FF\[207\]_768/HI
 o_FF\[208\]_769/HI
 o_FF\[209\]_770/HI
 o_FF\[20\]_771/HI
 o_FF\[210\]_772/HI
 o_FF\[211\]_773/HI
 o_FF\[212\]_774/HI
 o_FF\[213\]_775/HI
 o_FF\[214\]_776/HI
 o_FF\[215\]_777/HI
 o_FF\[216\]_778/HI
 o_FF\[217\]_779/HI
 o_FF\[218\]/Q
 o_FF\[218\]_780/HI
 o_FF\[219\]/Q
 o_FF\[219\]_781/HI
 o_FF\[21\]_782/HI
 o_FF\[220\]/Q
 o_FF\[220\]_783/HI
 o_FF\[221\]/Q
 o_FF\[221\]_784/HI
 o_FF\[222\]/Q
 o_FF\[222\]_785/HI
 o_FF\[223\]/Q
 o_FF\[223\]_786/HI
 o_FF\[224\]/Q
 o_FF\[224\]_787/HI
 o_FF\[225\]/Q
 o_FF\[225\]_788/HI
 o_FF\[226\]/Q
 o_FF\[226\]_789/HI
 o_FF\[227\]/Q
 o_FF\[227\]_790/HI
 o_FF\[228\]/Q
 o_FF\[228\]_791/HI
 o_FF\[22\]_792/HI
 o_FF\[23\]_793/HI
 o_FF\[24\]_794/HI
 o_FF\[25\]_795/HI
 o_FF\[26\]_796/HI
 o_FF\[27\]_797/HI
 o_FF\[28\]_798/HI
 o_FF\[29\]_799/HI
 o_FF\[2\]_800/HI
 o_FF\[30\]_801/HI
 o_FF\[31\]_802/HI
 o_FF\[32\]_803/HI
 o_FF\[33\]_804/HI
 o_FF\[34\]_805/HI
 o_FF\[35\]_806/HI
 o_FF\[36\]_807/HI
 o_FF\[37\]_808/HI
 o_FF\[38\]_809/HI
 o_FF\[39\]_810/HI
 o_FF\[3\]_811/HI
 o_FF\[40\]_812/HI
 o_FF\[41\]_813/HI
 o_FF\[42\]_814/HI
 o_FF\[43\]_815/HI
 o_FF\[44\]_816/HI
 o_FF\[45\]_817/HI
 o_FF\[46\]_818/HI
 o_FF\[47\]_819/HI
 o_FF\[48\]_820/HI
 o_FF\[49\]_821/HI
 o_FF\[4\]_822/HI
 o_FF\[50\]_823/HI
 o_FF\[51\]_824/HI
 o_FF\[52\]_825/HI
 o_FF\[53\]_826/HI
 o_FF\[54\]_827/HI
 o_FF\[55\]_828/HI
 o_FF\[56\]_829/HI
 o_FF\[57\]_830/HI
 o_FF\[58\]_831/HI
 o_FF\[59\]_832/HI
 o_FF\[5\]_833/HI
 o_FF\[60\]_834/HI
 o_FF\[61\]_835/HI
 o_FF\[62\]_836/HI
 o_FF\[63\]_837/HI
 o_FF\[64\]_838/HI
 o_FF\[65\]_839/HI
 o_FF\[66\]_840/HI
 o_FF\[67\]_841/HI
 o_FF\[68\]_842/HI
 o_FF\[69\]_843/HI
 o_FF\[6\]_844/HI
 o_FF\[70\]_845/HI
 o_FF\[71\]_846/HI
 o_FF\[72\]_847/HI
 o_FF\[73\]_848/HI
 o_FF\[74\]_849/HI
 o_FF\[75\]_850/HI
 o_FF\[76\]_851/HI
 o_FF\[77\]_852/HI
 o_FF\[78\]_853/HI
 o_FF\[79\]_854/HI
 o_FF\[7\]_855/HI
 o_FF\[80\]_856/HI
 o_FF\[81\]_857/HI
 o_FF\[82\]_858/HI
 o_FF\[83\]_859/HI
 o_FF\[84\]_860/HI
 o_FF\[85\]_861/HI
 o_FF\[86\]_862/HI
 o_FF\[87\]_863/HI
 o_FF\[88\]_864/HI
 o_FF\[89\]_865/HI
 o_FF\[8\]_866/HI
 o_FF\[90\]_867/HI
 o_FF\[91\]_868/HI
 o_FF\[92\]_869/HI
 o_FF\[93\]_870/HI
 o_FF\[94\]_871/HI
 o_FF\[95\]_872/HI
 o_FF\[96\]_873/HI
 o_FF\[97\]_874/HI
 o_FF\[98\]_875/HI
 o_FF\[99\]_876/HI
 o_FF\[9\]_877/HI
 user_clk2_FF/Q
Found 0 partially unannotated drivers.

===========================================================================
max slew violation count 0
max fanout violation count 19
max cap violation count 0
============================================================================

===========================================================================
check_setup -verbose -unconstrained_endpoints -multiple_clock -no_clock -no_input_delay -loops -generated_clocks
===========================================================================
Warning: There is 1 unclocked register/latch pin.
  user_clk2_FF/CLK
Warning: There are 283 unconstrained endpoints.
  gpio_analog[0]
  gpio_analog[10]
  gpio_analog[11]
  gpio_analog[12]
  gpio_analog[13]
  gpio_analog[14]
  gpio_analog[15]
  gpio_analog[16]
  gpio_analog[17]
  gpio_analog[1]
  gpio_analog[2]
  gpio_analog[3]
  gpio_analog[4]
  gpio_analog[5]
  gpio_analog[6]
  gpio_analog[7]
  gpio_analog[8]
  gpio_analog[9]
  gpio_noesd[0]
  gpio_noesd[10]
  gpio_noesd[11]
  gpio_noesd[12]
  gpio_noesd[13]
  gpio_noesd[14]
  gpio_noesd[15]
  gpio_noesd[16]
  gpio_noesd[17]
  gpio_noesd[1]
  gpio_noesd[2]
  gpio_noesd[3]
  gpio_noesd[4]
  gpio_noesd[5]
  gpio_noesd[6]
  gpio_noesd[7]
  gpio_noesd[8]
  gpio_noesd[9]
  io_analog[0]
  io_analog[10]
  io_analog[1]
  io_analog[2]
  io_analog[3]
  io_analog[4]
  io_analog[5]
  io_analog[6]
  io_analog[7]
  io_analog[8]
  io_analog[9]
  io_clamp_high[0]
  io_clamp_high[1]
  io_clamp_high[2]
  io_clamp_low[0]
  io_clamp_low[1]
  io_clamp_low[2]
  o_FF[0]/D
  o_FF[100]/D
  o_FF[101]/D
  o_FF[102]/D
  o_FF[103]/D
  o_FF[104]/D
  o_FF[105]/D
  o_FF[106]/D
  o_FF[107]/D
  o_FF[108]/D
  o_FF[109]/D
  o_FF[10]/D
  o_FF[110]/D
  o_FF[111]/D
  o_FF[112]/D
  o_FF[113]/D
  o_FF[114]/D
  o_FF[115]/D
  o_FF[116]/D
  o_FF[117]/D
  o_FF[118]/D
  o_FF[119]/D
  o_FF[11]/D
  o_FF[120]/D
  o_FF[121]/D
  o_FF[122]/D
  o_FF[123]/D
  o_FF[124]/D
  o_FF[125]/D
  o_FF[126]/D
  o_FF[127]/D
  o_FF[128]/D
  o_FF[129]/D
  o_FF[12]/D
  o_FF[130]/D
  o_FF[131]/D
  o_FF[132]/D
  o_FF[133]/D
  o_FF[134]/D
  o_FF[135]/D
  o_FF[136]/D
  o_FF[137]/D
  o_FF[138]/D
  o_FF[139]/D
  o_FF[13]/D
  o_FF[140]/D
  o_FF[141]/D
  o_FF[142]/D
  o_FF[143]/D
  o_FF[144]/D
  o_FF[145]/D
  o_FF[146]/D
  o_FF[147]/D
  o_FF[148]/D
  o_FF[149]/D
  o_FF[14]/D
  o_FF[150]/D
  o_FF[151]/D
  o_FF[152]/D
  o_FF[153]/D
  o_FF[154]/D
  o_FF[155]/D
  o_FF[156]/D
  o_FF[157]/D
  o_FF[158]/D
  o_FF[159]/D
  o_FF[15]/D
  o_FF[160]/D
  o_FF[161]/D
  o_FF[162]/D
  o_FF[163]/D
  o_FF[164]/D
  o_FF[165]/D
  o_FF[166]/D
  o_FF[167]/D
  o_FF[168]/D
  o_FF[169]/D
  o_FF[16]/D
  o_FF[170]/D
  o_FF[171]/D
  o_FF[172]/D
  o_FF[173]/D
  o_FF[174]/D
  o_FF[175]/D
  o_FF[176]/D
  o_FF[177]/D
  o_FF[178]/D
  o_FF[179]/D
  o_FF[17]/D
  o_FF[180]/D
  o_FF[181]/D
  o_FF[182]/D
  o_FF[183]/D
  o_FF[184]/D
  o_FF[185]/D
  o_FF[186]/D
  o_FF[187]/D
  o_FF[188]/D
  o_FF[189]/D
  o_FF[18]/D
  o_FF[190]/D
  o_FF[191]/D
  o_FF[192]/D
  o_FF[193]/D
  o_FF[194]/D
  o_FF[195]/D
  o_FF[196]/D
  o_FF[197]/D
  o_FF[198]/D
  o_FF[199]/D
  o_FF[19]/D
  o_FF[1]/D
  o_FF[200]/D
  o_FF[201]/D
  o_FF[202]/D
  o_FF[203]/D
  o_FF[204]/D
  o_FF[205]/D
  o_FF[206]/D
  o_FF[207]/D
  o_FF[208]/D
  o_FF[209]/D
  o_FF[20]/D
  o_FF[210]/D
  o_FF[211]/D
  o_FF[212]/D
  o_FF[213]/D
  o_FF[214]/D
  o_FF[215]/D
  o_FF[216]/D
  o_FF[217]/D
  o_FF[218]/D
  o_FF[219]/D
  o_FF[21]/D
  o_FF[220]/D
  o_FF[221]/D
  o_FF[222]/D
  o_FF[223]/D
  o_FF[224]/D
  o_FF[225]/D
  o_FF[226]/D
  o_FF[227]/D
  o_FF[228]/D
  o_FF[22]/D
  o_FF[23]/D
  o_FF[24]/D
  o_FF[25]/D
  o_FF[26]/D
  o_FF[27]/D
  o_FF[28]/D
  o_FF[29]/D
  o_FF[2]/D
  o_FF[30]/D
  o_FF[31]/D
  o_FF[32]/D
  o_FF[33]/D
  o_FF[34]/D
  o_FF[35]/D
  o_FF[36]/D
  o_FF[37]/D
  o_FF[38]/D
  o_FF[39]/D
  o_FF[3]/D
  o_FF[40]/D
  o_FF[41]/D
  o_FF[42]/D
  o_FF[43]/D
  o_FF[44]/D
  o_FF[45]/D
  o_FF[46]/D
  o_FF[47]/D
  o_FF[48]/D
  o_FF[49]/D
  o_FF[4]/D
  o_FF[50]/D
  o_FF[51]/D
  o_FF[52]/D
  o_FF[53]/D
  o_FF[54]/D
  o_FF[55]/D
  o_FF[56]/D
  o_FF[57]/D
  o_FF[58]/D
  o_FF[59]/D
  o_FF[5]/D
  o_FF[60]/D
  o_FF[61]/D
  o_FF[62]/D
  o_FF[63]/D
  o_FF[64]/D
  o_FF[65]/D
  o_FF[66]/D
  o_FF[67]/D
  o_FF[68]/D
  o_FF[69]/D
  o_FF[6]/D
  o_FF[70]/D
  o_FF[71]/D
  o_FF[72]/D
  o_FF[73]/D
  o_FF[74]/D
  o_FF[75]/D
  o_FF[76]/D
  o_FF[77]/D
  o_FF[78]/D
  o_FF[79]/D
  o_FF[7]/D
  o_FF[80]/D
  o_FF[81]/D
  o_FF[82]/D
  o_FF[83]/D
  o_FF[84]/D
  o_FF[85]/D
  o_FF[86]/D
  o_FF[87]/D
  o_FF[88]/D
  o_FF[89]/D
  o_FF[8]/D
  o_FF[90]/D
  o_FF[91]/D
  o_FF[92]/D
  o_FF[93]/D
  o_FF[94]/D
  o_FF[95]/D
  o_FF[96]/D
  o_FF[97]/D
  o_FF[98]/D
  o_FF[99]/D
  o_FF[9]/D
  user_clk2_FF/D
