
===========================================================================
 report_power
============================================================================
======================= Fastest Corner ===================================

Group                  Internal  Switching    Leakage      Total
                          Power      Power      Power      Power (Watts)
----------------------------------------------------------------
Sequential             1.15e-03   5.49e-06   2.76e-06   1.15e-03  17.5%
Combinational          3.54e-03   1.89e-03   6.92e-07   5.43e-03  82.5%
Macro                  0.00e+00   0.00e+00   0.00e+00   0.00e+00   0.0%
Pad                    0.00e+00   0.00e+00   0.00e+00   0.00e+00   0.0%
----------------------------------------------------------------
Total                  4.69e-03   1.89e-03   3.45e-06   6.58e-03 100.0%
                          71.2%      28.8%       0.1%

======================= Slowest Corner ===================================

Group                  Internal  Switching    Leakage      Total
                          Power      Power      Power      Power (Watts)
----------------------------------------------------------------
Sequential             7.62e-04   3.46e-06   1.10e-05   7.77e-04  17.2%
Combinational          2.42e-03   1.25e-03   8.01e-05   3.75e-03  82.8%
Macro                  0.00e+00   0.00e+00   0.00e+00   0.00e+00   0.0%
Pad                    0.00e+00   0.00e+00   0.00e+00   0.00e+00   0.0%
----------------------------------------------------------------
Total                  3.18e-03   1.25e-03   9.11e-05   4.53e-03 100.0%
                          70.3%      27.7%       2.0%

======================= Typical Corner ===================================

Group                  Internal  Switching    Leakage      Total
                          Power      Power      Power      Power (Watts)
----------------------------------------------------------------
Sequential             9.84e-04   4.51e-06   2.76e-06   9.91e-04  17.7%
Combinational          3.03e-03   1.59e-03   5.52e-07   4.62e-03  82.3%
Macro                  0.00e+00   0.00e+00   0.00e+00   0.00e+00   0.0%
Pad                    0.00e+00   0.00e+00   0.00e+00   0.00e+00   0.0%
----------------------------------------------------------------
Total                  4.01e-03   1.60e-03   3.31e-06   5.61e-03 100.0%
                          71.4%      28.5%       0.1%

